Archive member included to satisfy reference by file (symbol)

c:/siliconlabs/simplicitystudio/v5/developer/toolchains/gnu_arm/10.3_2021.10/bin/../lib/gcc/arm-none-eabi/10.3.1/thumb/v8-m.main+fp/hard\libgcc.a(_aeabi_ldivmod.o)
                              ./gecko_sdk_4.3.1/platform/emlib/src/em_eusart.o (__aeabi_ldivmod)
c:/siliconlabs/simplicitystudio/v5/developer/toolchains/gnu_arm/10.3_2021.10/bin/../lib/gcc/arm-none-eabi/10.3.1/thumb/v8-m.main+fp/hard\libgcc.a(_aeabi_uldivmod.o)
                              ./gecko_sdk_4.3.1/platform/emlib/src/em_eusart.o (__aeabi_uldivmod)
c:/siliconlabs/simplicitystudio/v5/developer/toolchains/gnu_arm/10.3_2021.10/bin/../lib/gcc/arm-none-eabi/10.3.1/thumb/v8-m.main+fp/hard\libgcc.a(_udivmoddi4.o)
                              c:/siliconlabs/simplicitystudio/v5/developer/toolchains/gnu_arm/10.3_2021.10/bin/../lib/gcc/arm-none-eabi/10.3.1/thumb/v8-m.main+fp/hard\libgcc.a(_aeabi_ldivmod.o) (__udivmoddi4)
c:/siliconlabs/simplicitystudio/v5/developer/toolchains/gnu_arm/10.3_2021.10/bin/../lib/gcc/arm-none-eabi/10.3.1/thumb/v8-m.main+fp/hard\libgcc.a(_dvmd_tls.o)
                              c:/siliconlabs/simplicitystudio/v5/developer/toolchains/gnu_arm/10.3_2021.10/bin/../lib/gcc/arm-none-eabi/10.3.1/thumb/v8-m.main+fp/hard\libgcc.a(_aeabi_ldivmod.o) (__aeabi_ldiv0)
c:/siliconlabs/simplicitystudio/v5/developer/toolchains/gnu_arm/10.3_2021.10/bin/../lib/gcc/arm-none-eabi/10.3.1/../../../../arm-none-eabi/lib/thumb/v8-m.main+fp/hard\libc_nano.a(lib_a-exit.o)
                              c:/siliconlabs/simplicitystudio/v5/developer/toolchains/gnu_arm/10.3_2021.10/bin/../lib/gcc/arm-none-eabi/10.3.1/../../../../arm-none-eabi/lib/thumb/v8-m.main+fp/hard/crt0.o (exit)
c:/siliconlabs/simplicitystudio/v5/developer/toolchains/gnu_arm/10.3_2021.10/bin/../lib/gcc/arm-none-eabi/10.3.1/../../../../arm-none-eabi/lib/thumb/v8-m.main+fp/hard\libc_nano.a(lib_a-impure.o)
                              c:/siliconlabs/simplicitystudio/v5/developer/toolchains/gnu_arm/10.3_2021.10/bin/../lib/gcc/arm-none-eabi/10.3.1/../../../../arm-none-eabi/lib/thumb/v8-m.main+fp/hard\libc_nano.a(lib_a-exit.o) (_global_impure_ptr)
c:/siliconlabs/simplicitystudio/v5/developer/toolchains/gnu_arm/10.3_2021.10/bin/../lib/gcc/arm-none-eabi/10.3.1/../../../../arm-none-eabi/lib/thumb/v8-m.main+fp/hard\libc_nano.a(lib_a-init.o)
                              c:/siliconlabs/simplicitystudio/v5/developer/toolchains/gnu_arm/10.3_2021.10/bin/../lib/gcc/arm-none-eabi/10.3.1/../../../../arm-none-eabi/lib/thumb/v8-m.main+fp/hard/crt0.o (__libc_init_array)
c:/siliconlabs/simplicitystudio/v5/developer/toolchains/gnu_arm/10.3_2021.10/bin/../lib/gcc/arm-none-eabi/10.3.1/../../../../arm-none-eabi/lib/thumb/v8-m.main+fp/hard\libc_nano.a(lib_a-memset.o)
                              c:/siliconlabs/simplicitystudio/v5/developer/toolchains/gnu_arm/10.3_2021.10/bin/../lib/gcc/arm-none-eabi/10.3.1/../../../../arm-none-eabi/lib/thumb/v8-m.main+fp/hard/crt0.o (memset)
c:/siliconlabs/simplicitystudio/v5/developer/toolchains/gnu_arm/10.3_2021.10/bin/../lib/gcc/arm-none-eabi/10.3.1/../../../../arm-none-eabi/lib/thumb/v8-m.main+fp/hard\libnosys.a(_exit.o)
                              c:/siliconlabs/simplicitystudio/v5/developer/toolchains/gnu_arm/10.3_2021.10/bin/../lib/gcc/arm-none-eabi/10.3.1/../../../../arm-none-eabi/lib/thumb/v8-m.main+fp/hard\libc_nano.a(lib_a-exit.o) (_exit)

Discarded input sections

 .text          0x00000000        0x0 c:/siliconlabs/simplicitystudio/v5/developer/toolchains/gnu_arm/10.3_2021.10/bin/../lib/gcc/arm-none-eabi/10.3.1/thumb/v8-m.main+fp/hard/crti.o
 .data          0x00000000        0x0 c:/siliconlabs/simplicitystudio/v5/developer/toolchains/gnu_arm/10.3_2021.10/bin/../lib/gcc/arm-none-eabi/10.3.1/thumb/v8-m.main+fp/hard/crti.o
 .bss           0x00000000        0x0 c:/siliconlabs/simplicitystudio/v5/developer/toolchains/gnu_arm/10.3_2021.10/bin/../lib/gcc/arm-none-eabi/10.3.1/thumb/v8-m.main+fp/hard/crti.o
 .data          0x00000000        0x4 c:/siliconlabs/simplicitystudio/v5/developer/toolchains/gnu_arm/10.3_2021.10/bin/../lib/gcc/arm-none-eabi/10.3.1/thumb/v8-m.main+fp/hard/crtbegin.o
 .rodata        0x00000000       0x24 c:/siliconlabs/simplicitystudio/v5/developer/toolchains/gnu_arm/10.3_2021.10/bin/../lib/gcc/arm-none-eabi/10.3.1/thumb/v8-m.main+fp/hard/crtbegin.o
 .data          0x00000000        0x0 c:/siliconlabs/simplicitystudio/v5/developer/toolchains/gnu_arm/10.3_2021.10/bin/../lib/gcc/arm-none-eabi/10.3.1/../../../../arm-none-eabi/lib/thumb/v8-m.main+fp/hard/crt0.o
 .bss           0x00000000        0x0 c:/siliconlabs/simplicitystudio/v5/developer/toolchains/gnu_arm/10.3_2021.10/bin/../lib/gcc/arm-none-eabi/10.3.1/../../../../arm-none-eabi/lib/thumb/v8-m.main+fp/hard/crt0.o
 .ARM.extab     0x00000000        0x0 c:/siliconlabs/simplicitystudio/v5/developer/toolchains/gnu_arm/10.3_2021.10/bin/../lib/gcc/arm-none-eabi/10.3.1/../../../../arm-none-eabi/lib/thumb/v8-m.main+fp/hard/crt0.o
[...]
Memory Configuration

Name             Origin             Length             Attributes
FLASH            0x08000000         0x001de000         xr
RAM              0x20000000         0x00080000         xrw
*default*        0x00000000         0xffffffff

Linker script and memory map

LOAD c:/siliconlabs/simplicitystudio/v5/developer/toolchains/gnu_arm/10.3_2021.10/bin/../lib/gcc/arm-none-eabi/10.3.1/thumb/v8-m.main+fp/hard/crti.o
LOAD c:/siliconlabs/simplicitystudio/v5/developer/toolchains/gnu_arm/10.3_2021.10/bin/../lib/gcc/arm-none-eabi/10.3.1/thumb/v8-m.main+fp/hard/crtbegin.o
LOAD c:/siliconlabs/simplicitystudio/v5/developer/toolchains/gnu_arm/10.3_2021.10/bin/../lib/gcc/arm-none-eabi/10.3.1/../../../../arm-none-eabi/lib/thumb/v8-m.main+fp/hard/crt0.o
START GROUP
LOAD ./app.o
LOAD ./main.o
LOAD ./autogen/sl_board_default_init.o
LOAD ./autogen/sl_device_init_clocks.o
LOAD ./autogen/sl_event_handler.o
LOAD ./gecko_sdk_4.3.1/hardware/board/src/sl_board_control_gpio.o
LOAD ./gecko_sdk_4.3.1/hardware/board/src/sl_board_init.o
LOAD ./gecko_sdk_4.3.1/hardware/driver/configuration_over_swo/src/sl_cos.o
LOAD ./gecko_sdk_4.3.1/hardware/driver/mx25_flash_shutdown/src/sl_mx25_flash_shutdown_eusart/sl_mx25_flash_shutdown.o
LOAD ./gecko_sdk_4.3.1/platform/Device/SiliconLabs/EFR32FG25/Source/startup_efr32fg25.o
LOAD ./gecko_sdk_4.3.1/platform/Device/SiliconLabs/EFR32FG25/Source/system_efr32fg25.o
LOAD ./gecko_sdk_4.3.1/platform/common/src/sl_assert.o
LOAD ./gecko_sdk_4.3.1/platform/common/toolchain/src/sl_memory.o
LOAD ./gecko_sdk_4.3.1/platform/driver/debug/src/sl_debug_swo.o
LOAD ./gecko_sdk_4.3.1/platform/emlib/src/em_cmu.o
LOAD ./gecko_sdk_4.3.1/platform/emlib/src/em_core.o
LOAD ./gecko_sdk_4.3.1/platform/emlib/src/em_emu.o
LOAD ./gecko_sdk_4.3.1/platform/emlib/src/em_eusart.o
LOAD ./gecko_sdk_4.3.1/platform/emlib/src/em_gpio.o
LOAD ./gecko_sdk_4.3.1/platform/emlib/src/em_msc.o
LOAD ./gecko_sdk_4.3.1/platform/emlib/src/em_system.o
LOAD ./gecko_sdk_4.3.1/platform/service/device_init/src/sl_device_init_dcdc_s2.o
LOAD ./gecko_sdk_4.3.1/platform/service/device_init/src/sl_device_init_emu_s2.o
LOAD ./gecko_sdk_4.3.1/platform/service/device_init/src/sl_device_init_hfxo_s2.o
LOAD ./gecko_sdk_4.3.1/platform/service/device_init/src/sl_device_init_lfxo_s2.o
LOAD ./gecko_sdk_4.3.1/platform/service/device_init/src/sl_device_init_nvic.o
LOAD ./gecko_sdk_4.3.1/platform/service/device_init/src/sl_device_init_rffpll_s2.o
LOAD ./gecko_sdk_4.3.1/platform/service/device_init/src/sl_device_init_usbpll_s2.o
LOAD ./gecko_sdk_4.3.1/platform/service/system/src/sl_system_init.o
LOAD ./gecko_sdk_4.3.1/platform/service/system/src/sl_system_process_action.o
LOAD ./gecko_sdk_4.3.1/platform/service/udelay/src/sl_udelay.o
LOAD ./gecko_sdk_4.3.1/platform/service/udelay/src/sl_udelay_armv6m_gcc.o
LOAD c:/siliconlabs/simplicitystudio/v5/developer/toolchains/gnu_arm/10.3_2021.10/bin/../lib/gcc/arm-none-eabi/10.3.1/thumb/v8-m.main+fp/hard\libgcc.a
LOAD c:/siliconlabs/simplicitystudio/v5/developer/toolchains/gnu_arm/10.3_2021.10/bin/../lib/gcc/arm-none-eabi/10.3.1/../../../../arm-none-eabi/lib/thumb/v8-m.main+fp/hard\libc_nano.a
LOAD c:/siliconlabs/simplicitystudio/v5/developer/toolchains/gnu_arm/10.3_2021.10/bin/../lib/gcc/arm-none-eabi/10.3.1/../../../../arm-none-eabi/lib/thumb/v8-m.main+fp/hard\libm.a
LOAD c:/siliconlabs/simplicitystudio/v5/developer/toolchains/gnu_arm/10.3_2021.10/bin/../lib/gcc/arm-none-eabi/10.3.1/../../../../arm-none-eabi/lib/thumb/v8-m.main+fp/hard\libnosys.a
END GROUP
START GROUP
LOAD c:/siliconlabs/simplicitystudio/v5/developer/toolchains/gnu_arm/10.3_2021.10/bin/../lib/gcc/arm-none-eabi/10.3.1/thumb/v8-m.main+fp/hard\libgcc.a
LOAD c:/siliconlabs/simplicitystudio/v5/developer/toolchains/gnu_arm/10.3_2021.10/bin/../lib/gcc/arm-none-eabi/10.3.1/../../../../arm-none-eabi/lib/thumb/v8-m.main+fp/hard\libc_nano.a
LOAD c:/siliconlabs/simplicitystudio/v5/developer/toolchains/gnu_arm/10.3_2021.10/bin/../lib/gcc/arm-none-eabi/10.3.1/../../../../arm-none-eabi/lib/thumb/v8-m.main+fp/hard\libnosys.a
END GROUP
START GROUP
LOAD c:/siliconlabs/simplicitystudio/v5/developer/toolchains/gnu_arm/10.3_2021.10/bin/../lib/gcc/arm-none-eabi/10.3.1/thumb/v8-m.main+fp/hard\libgcc.a
LOAD c:/siliconlabs/simplicitystudio/v5/developer/toolchains/gnu_arm/10.3_2021.10/bin/../lib/gcc/arm-none-eabi/10.3.1/../../../../arm-none-eabi/lib/thumb/v8-m.main+fp/hard\libg_nano.a
LOAD c:/siliconlabs/simplicitystudio/v5/developer/toolchains/gnu_arm/10.3_2021.10/bin/../lib/gcc/arm-none-eabi/10.3.1/../../../../arm-none-eabi/lib/thumb/v8-m.main+fp/hard\libc_nano.a
END GROUP
START GROUP
LOAD c:/siliconlabs/simplicitystudio/v5/developer/toolchains/gnu_arm/10.3_2021.10/bin/../lib/gcc/arm-none-eabi/10.3.1/thumb/v8-m.main+fp/hard\libgcc.a
LOAD c:/siliconlabs/simplicitystudio/v5/developer/toolchains/gnu_arm/10.3_2021.10/bin/../lib/gcc/arm-none-eabi/10.3.1/../../../../arm-none-eabi/lib/thumb/v8-m.main+fp/hard\libc_nano.a
END GROUP
LOAD c:/siliconlabs/simplicitystudio/v5/developer/toolchains/gnu_arm/10.3_2021.10/bin/../lib/gcc/arm-none-eabi/10.3.1/thumb/v8-m.main+fp/hard/crtend.o
LOAD c:/siliconlabs/simplicitystudio/v5/developer/toolchains/gnu_arm/10.3_2021.10/bin/../lib/gcc/arm-none-eabi/10.3.1/thumb/v8-m.main+fp/hard/crtn.o

.text           0x08000000     0x2d14
                0x08000000                linker_vectors_begin = .
 *(.vectors)
 .vectors       0x08000000      0x1a8 ./gecko_sdk_4.3.1/platform/Device/SiliconLabs/EFR32FG25/Source/startup_efr32fg25.o
                0x08000000                __Vectors
                0x080001a8                linker_vectors_end = .
                0x080001a8                __Vectors_End = .
                0x080001a8                __Vectors_Size = (__Vectors_End - __Vectors)
                0x080001a8                linker_code_begin = .
 *(SORT_BY_ALIGNMENT(.text*))
 *fill*         0x080001a8        0x8 
 .text          0x080001b0        0x8 ./gecko_sdk_4.3.1/platform/service/udelay/src/sl_udelay_armv6m_gcc.o
                0x080001b0                sli_delay_loop
 .text          0x080001b8       0x40 c:/siliconlabs/simplicitystudio/v5/developer/toolchains/gnu_arm/10.3_2021.10/bin/../lib/gcc/arm-none-eabi/10.3.1/thumb/v8-m.main+fp/hard/crtbegin.o
 .text          0x080001f8       0x7c c:/siliconlabs/simplicitystudio/v5/developer/toolchains/gnu_arm/10.3_2021.10/bin/../lib/gcc/arm-none-eabi/10.3.1/../../../../arm-none-eabi/lib/thumb/v8-m.main+fp/hard/crt0.o
                0x080001f8                _stack_init
                0x08000200                _start
                0x08000200                _mainCRTStartup
 .text.initEUSART1
                0x08000274       0x80 ./app.o
                0x08000274                initEUSART1
 .text.EUSART1_RX_IRQHandler
                0x080002f4       0x40 ./app.o
                0x080002f4                EUSART1_RX_IRQHandler
 .text.app_process_action
                0x08000334       0x18 ./app.o
                0x08000334                app_process_action
 .text.sl_device_init_clocks
                0x0800034c       0xac ./autogen/sl_device_init_clocks.o
                0x0800034c                sl_device_init_clocks
 .text.cs_high  0x080003f8       0x10 ./gecko_sdk_4.3.1/hardware/driver/mx25_flash_shutdown/src/sl_mx25_flash_shutdown_eusart/sl_mx25_flash_shutdown.o
 .text.cs_low   0x08000408       0x10 ./gecko_sdk_4.3.1/hardware/driver/mx25_flash_shutdown/src/sl_mx25_flash_shutdown_eusart/sl_mx25_flash_shutdown.o
 .text.sl_mx25_flash_shutdown
                0x08000418      0x128 ./gecko_sdk_4.3.1/hardware/driver/mx25_flash_shutdown/src/sl_mx25_flash_shutdown_eusart/sl_mx25_flash_shutdown.o
                0x08000418                sl_mx25_flash_shutdown
 .text.Reset_Handler
                0x08000540       0x60 ./gecko_sdk_4.3.1/platform/Device/SiliconLabs/EFR32FG25/Source/startup_efr32fg25.o
                0x08000540                Reset_Handler
 .text.SystemInit
                0x080005a0       0x68 ./gecko_sdk_4.3.1/platform/Device/SiliconLabs/EFR32FG25/Source/system_efr32fg25.o
                0x080005a0                SystemInit
 .text.SystemHFRCODPLLClockGet
                0x08000608        0xc ./gecko_sdk_4.3.1/platform/Device/SiliconLabs/EFR32FG25/Source/system_efr32fg25.o
                0x08000608                SystemHFRCODPLLClockGet
 .text.SystemSYSCLKGet
                0x08000614       0x40 ./gecko_sdk_4.3.1/platform/Device/SiliconLabs/EFR32FG25/Source/system_efr32fg25.o
                0x08000614                SystemSYSCLKGet
 .text.SystemHCLKGet
                0x08000654       0x24 ./gecko_sdk_4.3.1/platform/Device/SiliconLabs/EFR32FG25/Source/system_efr32fg25.o
                0x08000654                SystemHCLKGet
 .text.SystemMaxCoreClockGet
                0x08000678        0x8 ./gecko_sdk_4.3.1/platform/Device/SiliconLabs/EFR32FG25/Source/system_efr32fg25.o
                0x08000678                SystemMaxCoreClockGet
 .text.SystemHFXOClockGet
                0x08000680        0xc ./gecko_sdk_4.3.1/platform/Device/SiliconLabs/EFR32FG25/Source/system_efr32fg25.o
                0x08000680                SystemHFXOClockGet
 .text.SystemHFXOClockSet
                0x0800068c       0x20 ./gecko_sdk_4.3.1/platform/Device/SiliconLabs/EFR32FG25/Source/system_efr32fg25.o
                0x0800068c                SystemHFXOClockSet
 .text.SystemFSRCOClockGet
                0x080006ac        0x8 ./gecko_sdk_4.3.1/platform/Device/SiliconLabs/EFR32FG25/Source/system_efr32fg25.o
                0x080006ac                SystemFSRCOClockGet
 .text.SystemHFRCOEM23ClockGet
                0x080006b4       0x84 ./gecko_sdk_4.3.1/platform/Device/SiliconLabs/EFR32FG25/Source/system_efr32fg25.o
                0x080006b4                SystemHFRCOEM23ClockGet
 .text.SystemLFXOClockGet
                0x08000738        0xc ./gecko_sdk_4.3.1/platform/Device/SiliconLabs/EFR32FG25/Source/system_efr32fg25.o
                0x08000738                SystemLFXOClockGet
 .text.SystemRFFPLLClockSet
                0x08000744       0x20 ./gecko_sdk_4.3.1/platform/Device/SiliconLabs/EFR32FG25/Source/system_efr32fg25.o
                0x08000744                SystemRFFPLLClockSet
 .text.sl_debug_swo_init
                0x08000764      0x108 ./gecko_sdk_4.3.1/platform/driver/debug/src/sl_debug_swo.o
                0x08000764                sl_debug_swo_init
 .text.traceClkGet
                0x0800086c       0x54 ./gecko_sdk_4.3.1/platform/emlib/src/em_cmu.o
 .text.em01GrpaClkGet
                0x080008c0       0x74 ./gecko_sdk_4.3.1/platform/emlib/src/em_cmu.o
 .text.em01GrpcClkGet
                0x08000934       0x70 ./gecko_sdk_4.3.1/platform/emlib/src/em_cmu.o
 .text.iadcClkGet
                0x080009a4       0x60 ./gecko_sdk_4.3.1/platform/emlib/src/em_cmu.o
 .text.lesenseHFClkGet
                0x08000a04       0x48 ./gecko_sdk_4.3.1/platform/emlib/src/em_cmu.o
 .text.eusart0ClkGet
                0x08000a4c       0x74 ./gecko_sdk_4.3.1/platform/emlib/src/em_cmu.o
 .text.usbClkGet
                0x08000ac0       0x58 ./gecko_sdk_4.3.1/platform/emlib/src/em_cmu.o
 .text.em23GrpaClkGet
                0x08000b18       0x48 ./gecko_sdk_4.3.1/platform/emlib/src/em_cmu.o
 .text.vdac0ClkGet
                0x08000b60       0x70 ./gecko_sdk_4.3.1/platform/emlib/src/em_cmu.o
 .text.pcnt0ClkGet
                0x08000bd0       0x4c ./gecko_sdk_4.3.1/platform/emlib/src/em_cmu.o
 .text.wdog0ClkGet
                0x08000c1c       0x64 ./gecko_sdk_4.3.1/platform/emlib/src/em_cmu.o
 .text.wdog1ClkGet
                0x08000c80       0x64 ./gecko_sdk_4.3.1/platform/emlib/src/em_cmu.o
 .text.sysrtcClkGet
                0x08000ce4       0x48 ./gecko_sdk_4.3.1/platform/emlib/src/em_cmu.o
 .text.em4GrpaClkGet
                0x08000d2c       0x48 ./gecko_sdk_4.3.1/platform/emlib/src/em_cmu.o
 .text.CMU_ClockDivGet
                0x08000d74       0x78 ./gecko_sdk_4.3.1/platform/emlib/src/em_cmu.o
                0x08000d74                CMU_ClockDivGet
 .text.flashWaitStateControl
                0x08000dec       0x78 ./gecko_sdk_4.3.1/platform/emlib/src/em_cmu.o
 .text.CMU_ClockEnable
                0x08000e64       0x58 ./gecko_sdk_4.3.1/platform/emlib/src/em_cmu.o
                0x08000e64                CMU_ClockEnable
 .text.CMU_ClockFreqGet
                0x08000ebc      0x340 ./gecko_sdk_4.3.1/platform/emlib/src/em_cmu.o
                0x08000ebc                CMU_ClockFreqGet
 .text.pclkDivOptimize
                0x080011fc       0x24 ./gecko_sdk_4.3.1/platform/emlib/src/em_cmu.o
 .text.CMU_ClockDivSet
                0x08001220      0x114 ./gecko_sdk_4.3.1/platform/emlib/src/em_cmu.o
                0x08001220                CMU_ClockDivSet
 .text.CMU_ClockSelectGet
                0x08001334      0x1f4 ./gecko_sdk_4.3.1/platform/emlib/src/em_cmu.o
                0x08001334                CMU_ClockSelectGet
 .text.sli_em_cmu_HFXOSetForceEnable
                0x08001528       0x1c ./gecko_sdk_4.3.1/platform/emlib/src/em_cmu.o
                0x08001528                sli_em_cmu_HFXOSetForceEnable
 .text.CMU_USBPLLInit
                0x08001544       0xa0 ./gecko_sdk_4.3.1/platform/emlib/src/em_cmu.o
                0x08001544                CMU_USBPLLInit
 .text.CMU_RFFPLLInit
                0x080015e4       0xc4 ./gecko_sdk_4.3.1/platform/emlib/src/em_cmu.o
                0x080015e4                CMU_RFFPLLInit
 .text.CMU_HFXOInit
                0x080016a8      0x1f8 ./gecko_sdk_4.3.1/platform/emlib/src/em_cmu.o
                0x080016a8                CMU_HFXOInit
 .text.CMU_HFXOCTuneDeltaGet
                0x080018a0        0xc ./gecko_sdk_4.3.1/platform/emlib/src/em_cmu.o
                0x080018a0                CMU_HFXOCTuneDeltaGet
 .text.CMU_LFXOInit
                0x080018ac       0xc4 ./gecko_sdk_4.3.1/platform/emlib/src/em_cmu.o
                0x080018ac                CMU_LFXOInit
 .text.CMU_LFXOPrecisionSet
                0x08001970        0xc ./gecko_sdk_4.3.1/platform/emlib/src/em_cmu.o
                0x08001970                CMU_LFXOPrecisionSet
 .text.CMU_HFXOPrecisionSet
                0x0800197c        0xc ./gecko_sdk_4.3.1/platform/emlib/src/em_cmu.o
                0x0800197c                CMU_HFXOPrecisionSet
 .text.EMU_DCDCSync
                0x08001988       0x10 ./gecko_sdk_4.3.1/platform/emlib/src/em_emu.o
 .text.EMU_EM4Init
                0x08001998       0x14 ./gecko_sdk_4.3.1/platform/emlib/src/em_emu.o
                0x08001998                EMU_EM4Init
 .text.EMU_DCDCModeSet
                0x080019ac       0xac ./gecko_sdk_4.3.1/platform/emlib/src/em_emu.o
                0x080019ac                EMU_DCDCModeSet
 .text.EMU_DCDCInit
                0x08001a58       0x70 ./gecko_sdk_4.3.1/platform/emlib/src/em_emu.o
                0x08001a58                EMU_DCDCInit
 .text.EUSART_ClockGet
                0x08001ac8       0x54 ./gecko_sdk_4.3.1/platform/emlib/src/em_eusart.o
 .text.EUSART_Reset
                0x08001b1c       0x54 ./gecko_sdk_4.3.1/platform/emlib/src/em_eusart.o
                0x08001b1c                EUSART_Reset
 .text.EUSART_Enable
                0x08001b70       0x84 ./gecko_sdk_4.3.1/platform/emlib/src/em_eusart.o
                0x08001b70                EUSART_Enable
 .text.EUSART_BaudrateSet
                0x08001bf4      0x1d0 ./gecko_sdk_4.3.1/platform/emlib/src/em_eusart.o
                0x08001bf4                EUSART_BaudrateSet
 .text.EUSART_AsyncInitCommon
                0x08001dc4      0x3c8 ./gecko_sdk_4.3.1/platform/emlib/src/em_eusart.o
 .text.EUSART_UartInitHf
                0x0800218c       0x74 ./gecko_sdk_4.3.1/platform/emlib/src/em_eusart.o
                0x0800218c                EUSART_UartInitHf
 .text.EUSART_SpiInit
                0x08002200      0x290 ./gecko_sdk_4.3.1/platform/emlib/src/em_eusart.o
                0x08002200                EUSART_SpiInit
 .text.GPIO_PinOutSet
                0x08002490       0x50 ./gecko_sdk_4.3.1/platform/emlib/src/em_gpio.o
 .text.GPIO_PinOutClear
                0x080024e0       0x50 ./gecko_sdk_4.3.1/platform/emlib/src/em_gpio.o
 .text.GPIO_PinModeSet
                0x08002530       0xa8 ./gecko_sdk_4.3.1/platform/emlib/src/em_gpio.o
                0x08002530                GPIO_PinModeSet
 .text.sl_device_init_dcdc
                0x080025d8       0x28 ./gecko_sdk_4.3.1/platform/service/device_init/src/sl_device_init_dcdc_s2.o
                0x080025d8                sl_device_init_dcdc
 .text.sl_device_init_emu
                0x08002600       0x24 ./gecko_sdk_4.3.1/platform/service/device_init/src/sl_device_init_emu_s2.o
                0x08002600                sl_device_init_emu
 .text.sl_device_init_hfxo
                0x08002624       0x74 ./gecko_sdk_4.3.1/platform/service/device_init/src/sl_device_init_hfxo_s2.o
                0x08002624                sl_device_init_hfxo
 .text.sl_device_init_lfxo
                0x08002698       0x28 ./gecko_sdk_4.3.1/platform/service/device_init/src/sl_device_init_lfxo_s2.o
                0x08002698                sl_device_init_lfxo
 .text.sl_device_init_nvic
                0x080026c0       0x3c ./gecko_sdk_4.3.1/platform/service/device_init/src/sl_device_init_nvic.o
                0x080026c0                sl_device_init_nvic
 .text.sl_device_init_rffpll
                0x080026fc       0x60 ./gecko_sdk_4.3.1/platform/service/device_init/src/sl_device_init_rffpll_s2.o
                0x080026fc                sl_device_init_rffpll
 .text.sl_device_init_usbpll
                0x0800275c       0x74 ./gecko_sdk_4.3.1/platform/service/device_init/src/sl_device_init_usbpll_s2.o
                0x0800275c                sl_device_init_usbpll
 .text.sl_udelay_wait
                0x080027d0       0x58 ./gecko_sdk_4.3.1/platform/service/udelay/src/sl_udelay.o
                0x080027d0                sl_udelay_wait
 .text.exit     0x08002828       0x28 c:/siliconlabs/simplicitystudio/v5/developer/toolchains/gnu_arm/10.3_2021.10/bin/../lib/gcc/arm-none-eabi/10.3.1/../../../../arm-none-eabi/lib/thumb/v8-m.main+fp/hard\libc_nano.a(lib_a-exit.o)
                0x08002828                exit
 .text.__libc_init_array
                0x08002850       0x48 c:/siliconlabs/simplicitystudio/v5/developer/toolchains/gnu_arm/10.3_2021.10/bin/../lib/gcc/arm-none-eabi/10.3.1/../../../../arm-none-eabi/lib/thumb/v8-m.main+fp/hard\libc_nano.a(lib_a-init.o)
                0x08002850                __libc_init_array
 .text._exit    0x08002898        0x4 c:/siliconlabs/simplicitystudio/v5/developer/toolchains/gnu_arm/10.3_2021.10/bin/../lib/gcc/arm-none-eabi/10.3.1/../../../../arm-none-eabi/lib/thumb/v8-m.main+fp/hard\libnosys.a(_exit.o)
                0x08002898                _exit
 .text.initCMU  0x0800289c       0x16 ./app.o
                0x0800289c                initCMU
 .text.initGPIO
                0x080028b2       0x1e ./app.o
                0x080028b2                initGPIO
 .text.app_init
                0x080028d0       0x12 ./app.o
                0x080028d0                app_init
 .text.startup.main
                0x080028e2       0x14 ./main.o
                0x080028e2                main
 .text.sl_board_default_init
                0x080028f6        0x4 ./autogen/sl_board_default_init.o
                0x080028f6                sl_board_default_init
 .text.sl_platform_init
                0x080028fa       0x2e ./autogen/sl_event_handler.o
                0x080028fa                sl_platform_init
 .text.sl_driver_init
                0x08002928        0xe ./autogen/sl_event_handler.o
                0x08002928                sl_driver_init
 .text.sl_service_init
                0x08002936        0x4 ./autogen/sl_event_handler.o
                0x08002936                sl_service_init
 .text.sl_stack_init
                0x0800293a        0x2 ./autogen/sl_event_handler.o
                0x0800293a                sl_stack_init
 .text.sl_internal_app_init
                0x0800293c        0x2 ./autogen/sl_event_handler.o
                0x0800293c                sl_internal_app_init
 .text.sl_platform_process_action
                0x0800293e        0x2 ./autogen/sl_event_handler.o
                0x0800293e                sl_platform_process_action
 .text.sl_service_process_action
                0x08002940        0x2 ./autogen/sl_event_handler.o
                0x08002940                sl_service_process_action
 .text.sl_stack_process_action
                0x08002942        0x2 ./autogen/sl_event_handler.o
                0x08002942                sl_stack_process_action
 .text.sl_internal_app_process_action
                0x08002944        0x2 ./autogen/sl_event_handler.o
                0x08002944                sl_internal_app_process_action
 .text.sl_board_configure_vcom
                0x08002946        0x4 ./gecko_sdk_4.3.1/hardware/board/src/sl_board_control_gpio.o
                0x08002946                sl_board_configure_vcom
 .text.sl_board_disable_vcom
                0x0800294a       0x12 ./gecko_sdk_4.3.1/hardware/board/src/sl_board_control_gpio.o
                0x0800294a                sl_board_disable_vcom
 .text.sl_board_init
                0x0800295c       0x16 ./gecko_sdk_4.3.1/hardware/board/src/sl_board_init.o
                0x0800295c                sl_board_init
 .text.sl_board_preinit
                0x08002972        0x8 ./gecko_sdk_4.3.1/hardware/board/src/sl_board_init.o
                0x08002972                sl_board_preinit
 .text.sl_cos_send_config
                0x0800297a       0x12 ./gecko_sdk_4.3.1/hardware/driver/configuration_over_swo/src/sl_cos.o
                0x0800297a                sl_cos_send_config
 .text.Default_Handler
                0x0800298c        0x2 ./gecko_sdk_4.3.1/platform/Device/SiliconLabs/EFR32FG25/Source/startup_efr32fg25.o
                0x0800298c                ULFRCO_IRQHandler
                0x0800298c                AHB2AHB1_IRQHandler
                0x0800298c                SW2_IRQHandler
                0x0800298c                TIMER2_IRQHandler
                0x0800298c                DebugMon_Handler
                0x0800298c                TIMER5_IRQHandler
                0x0800298c                IADC_IRQHandler
                0x0800298c                EUSART0_TX_IRQHandler
                0x0800298c                I2C0_IRQHandler
                0x0800298c                LFXO_IRQHandler
                0x0800298c                VDAC_IRQHandler
                0x0800298c                HardFault_Handler
                0x0800298c                SMU_SECURE_IRQHandler
                0x0800298c                AHB2AHB3_IRQHandler
                0x0800298c                SysTick_Handler
                0x0800298c                SYSRTC_SEQ_IRQHandler
                0x0800298c                TIMER7_IRQHandler
                0x0800298c                EUSART2_TX_IRQHandler
                0x0800298c                PendSV_Handler
                0x0800298c                NMI_Handler
                0x0800298c                SYNTH_IRQHandler
                0x0800298c                HOSTMAILBOX_IRQHandler
                0x0800298c                HFXO0_IRQHandler
                0x0800298c                I2C1_IRQHandler
                0x0800298c                EUSART3_TX_IRQHandler
                0x0800298c                WDOG0_IRQHandler
                0x0800298c                TIMER3_IRQHandler
                0x0800298c                SYSCFG_IRQHandler
                0x0800298c                RFECA1_IRQHandler
                0x0800298c                EMUDG_IRQHandler
                0x0800298c                MSC_IRQHandler
                0x0800298c                DPLL0_IRQHandler
                0x0800298c                UsageFault_Handler
                0x0800298c                WDOG1_IRQHandler
                0x0800298c                M33CTI1_IRQHandler
                0x0800298c                TIMER4_IRQHandler
                0x0800298c                GPIO_EVEN_IRQHandler
                0x0800298c                LDMA_IRQHandler
                0x0800298c                TIMER6_IRQHandler
                0x0800298c                SEMBTX_IRQHandler
                0x0800298c                AHB2AHB2_IRQHandler
                0x0800298c                RFLDMA_IRQHandler
                0x0800298c                SW0_IRQHandler
                0x0800298c                TIMER0_IRQHandler
                0x0800298c                RFTIMER_IRQHandler
                0x0800298c                SOFTM_IRQHandler
                0x0800298c                LETIMER0_IRQHandler
                0x0800298c                TIMER1_IRQHandler
                0x0800298c                HFRCO0_IRQHandler
                0x0800298c                SecureFault_Handler
                0x0800298c                BUFC_IRQHandler
                0x0800298c                DCDC_IRQHandler
                0x0800298c                MODEM_IRQHandler
                0x0800298c                Default_Handler
                0x0800298c                RAC_SEQ_IRQHandler
                0x0800298c                FRC_PRI_IRQHandler
                0x0800298c                EMU_IRQHandler
                0x0800298c                SW3_IRQHandler
                0x0800298c                KERNEL0_IRQHandler
                0x0800298c                FRC_IRQHandler
                0x0800298c                PCNT0_IRQHandler
                0x0800298c                KERNEL1_IRQHandler
                0x0800298c                AGC_IRQHandler
                0x0800298c                EUSART1_TX_IRQHandler
                0x0800298c                sl_app_properties
                0x0800298c                HFRCOEM23_IRQHandler
                0x0800298c                USB_IRQHandler
                0x0800298c                BURTC_IRQHandler
                0x0800298c                SEMBRX_IRQHandler
                0x0800298c                RFECA0_IRQHandler
                0x0800298c                LFRCO_IRQHandler
                0x0800298c                ACMP0_IRQHandler
                0x0800298c                MemManage_Handler
                0x0800298c                EUSART4_TX_IRQHandler
                0x0800298c                AHB2AHB0_IRQHandler
                0x0800298c                SVC_Handler
                0x0800298c                EUSART3_RX_IRQHandler
                0x0800298c                EUSART4_RX_IRQHandler
                0x0800298c                EUSART2_RX_IRQHandler
                0x0800298c                SMU_S_PRIVILEGED_IRQHandler
                0x0800298c                SW1_IRQHandler
                0x0800298c                CMU_IRQHandler
                0x0800298c                ETAMPDET_IRQHandler
                0x0800298c                EUSART0_RX_IRQHandler
                0x0800298c                RFFPLL_IRQHandler
                0x0800298c                RAC_RSM_IRQHandler
                0x0800298c                SETAMPERHOST_IRQHandler
                0x0800298c                GPIO_ODD_IRQHandler
                0x0800298c                LESENSE_IRQHandler
                0x0800298c                AES_IRQHandler
                0x0800298c                M33CTI0_IRQHandler
                0x0800298c                ICACHE0_IRQHandler
                0x0800298c                SMU_NS_PRIVILEGED_IRQHandler
                0x0800298c                FPUEXH_IRQHandler
                0x0800298c                PROTIMER_IRQHandler
                0x0800298c                ACMP1_IRQHandler
                0x0800298c                BusFault_Handler
                0x0800298c                MPAHBRAM_IRQHandler
                0x0800298c                SYSRTC_APP_IRQHandler
                0x0800298c                USBPLL0_IRQHandler
 .text.SystemCLKIN0Get
                0x0800298e        0x4 ./gecko_sdk_4.3.1/platform/Device/SiliconLabs/EFR32FG25/Source/system_efr32fg25.o
                0x0800298e                SystemCLKIN0Get
 .text.SystemLFRCOClockGet
                0x08002992        0x6 ./gecko_sdk_4.3.1/platform/Device/SiliconLabs/EFR32FG25/Source/system_efr32fg25.o
                0x08002992                SystemLFRCOClockGet
 .text.SystemULFRCOClockGet
                0x08002998        0x6 ./gecko_sdk_4.3.1/platform/Device/SiliconLabs/EFR32FG25/Source/system_efr32fg25.o
                0x08002998                SystemULFRCOClockGet
 .text.assertEFM
                0x0800299e        0x2 ./gecko_sdk_4.3.1/platform/common/src/sl_assert.o
                0x0800299e                assertEFM
 .text.sl_debug_swo_enable_itm
                0x080029a0       0x18 ./gecko_sdk_4.3.1/platform/driver/debug/src/sl_debug_swo.o
                0x080029a0                sl_debug_swo_enable_itm
 .text.sl_debug_swo_disable_itm
                0x080029b8       0x1a ./gecko_sdk_4.3.1/platform/driver/debug/src/sl_debug_swo.o
                0x080029b8                sl_debug_swo_disable_itm
 .text.waitStateMax
                0x080029d2       0x10 ./gecko_sdk_4.3.1/platform/emlib/src/em_cmu.o
 .text.pclkDivMax
                0x080029e2        0xa ./gecko_sdk_4.3.1/platform/emlib/src/em_cmu.o
 .text.sli_em_cmu_SYSCLKInitPreClockSelect
                0x080029ec        0xe ./gecko_sdk_4.3.1/platform/emlib/src/em_cmu.o
                0x080029ec                sli_em_cmu_SYSCLKInitPreClockSelect
 .text.sli_em_cmu_SYSCLKInitPostClockSelect
                0x080029fa       0x14 ./gecko_sdk_4.3.1/platform/emlib/src/em_cmu.o
                0x080029fa                sli_em_cmu_SYSCLKInitPostClockSelect
 .text.CORE_EnterCritical
                0x08002a0e        0x8 ./gecko_sdk_4.3.1/platform/emlib/src/em_core.o
                0x08002a0e                CORE_EnterCritical
 .text.CORE_ExitCritical
                0x08002a16        0x6 ./gecko_sdk_4.3.1/platform/emlib/src/em_core.o
                0x08002a16                CORE_ExitCritical
 .text.EMU_DCDCUpdatedHook
                0x08002a1c        0x2 ./gecko_sdk_4.3.1/platform/emlib/src/em_emu.o
                0x08002a1c                EMU_DCDCUpdatedHook
 .text.eusart_sync
                0x08002a1e        0x8 ./gecko_sdk_4.3.1/platform/emlib/src/em_eusart.o
 .text.EUSART_Disable
                0x08002a26       0x34 ./gecko_sdk_4.3.1/platform/emlib/src/em_eusart.o
 .text.EUSART_Spi_TxRx
                0x08002a5a       0x14 ./gecko_sdk_4.3.1/platform/emlib/src/em_eusart.o
                0x08002a5a                EUSART_Spi_TxRx
 .text.BUS_RegMaskedWrite
                0x08002a6e       0x22 ./gecko_sdk_4.3.1/platform/emlib/src/em_gpio.o
 .text.GPIO_DbgLocationSet
                0x08002a90        0x2 ./gecko_sdk_4.3.1/platform/emlib/src/em_gpio.o
                0x08002a90                GPIO_DbgLocationSet
 .text.sl_system_init
                0x08002a92       0x1a ./gecko_sdk_4.3.1/platform/service/system/src/sl_system_init.o
                0x08002a92                sl_system_init
 .text.sl_system_process_action
                0x08002aac       0x16 ./gecko_sdk_4.3.1/platform/service/system/src/sl_system_process_action.o
                0x08002aac                sl_system_process_action
 .text.memset   0x08002ac2       0x10 c:/siliconlabs/simplicitystudio/v5/developer/toolchains/gnu_arm/10.3_2021.10/bin/../lib/gcc/arm-none-eabi/10.3.1/../../../../arm-none-eabi/lib/thumb/v8-m.main+fp/hard\libc_nano.a(lib_a-memset.o)
                0x08002ac2                memset
                0x08002ad2                linker_code_end = .
 *(.init)
 *fill*         0x08002ad2        0x2 
 .init          0x08002ad4        0x4 c:/siliconlabs/simplicitystudio/v5/developer/toolchains/gnu_arm/10.3_2021.10/bin/../lib/gcc/arm-none-eabi/10.3.1/thumb/v8-m.main+fp/hard/crti.o
                0x08002ad4                _init
 .init          0x08002ad8        0x8 c:/siliconlabs/simplicitystudio/v5/developer/toolchains/gnu_arm/10.3_2021.10/bin/../lib/gcc/arm-none-eabi/10.3.1/thumb/v8-m.main+fp/hard/crtn.o
 *(.fini)
 .fini          0x08002ae0        0x4 c:/siliconlabs/simplicitystudio/v5/developer/toolchains/gnu_arm/10.3_2021.10/bin/../lib/gcc/arm-none-eabi/10.3.1/thumb/v8-m.main+fp/hard/crti.o
                0x08002ae0                _fini
 .fini          0x08002ae4        0x8 c:/siliconlabs/simplicitystudio/v5/developer/toolchains/gnu_arm/10.3_2021.10/bin/../lib/gcc/arm-none-eabi/10.3.1/thumb/v8-m.main+fp/hard/crtn.o
 *crtbegin.o(.ctors)
 *crtbegin?.o(.ctors)
 *(EXCLUDE_FILE(*crtend.o *crtend?.o) .ctors)
 *(SORT_BY_NAME(.ctors.*))
 *(.ctors)
 *crtbegin.o(.dtors)
 *crtbegin?.o(.dtors)
 *(EXCLUDE_FILE(*crtend.o *crtend?.o) .dtors)
 *(SORT_BY_NAME(.dtors.*))
 *(.dtors)
 *(.rodata*)
 .rodata        0x08002aec       0x34 ./gecko_sdk_4.3.1/hardware/driver/mx25_flash_shutdown/src/sl_mx25_flash_shutdown_eusart/sl_mx25_flash_shutdown.o
 .rodata.HFRCODPLLDevinfoGet.str1.1
                0x08002b20       0x50 ./gecko_sdk_4.3.1/platform/emlib/src/em_cmu.o
 .rodata.EUSART_ClockGet.str1.1
                0x08002b70       0x53 ./gecko_sdk_4.3.1/platform/emlib/src/em_eusart.o
 .rodata.GPIO_PinOutSet.str1.1
                0x08002bc3       0x51 ./gecko_sdk_4.3.1/platform/emlib/src/em_gpio.o
 .rodata.GPIO_ExtIntConfig.str1.1
                0x08002c14       0x51 ./gecko_sdk_4.3.1/platform/emlib/src/em_gpio.o
 .rodata        0x08002c65        0x7 ./gecko_sdk_4.3.1/platform/service/device_init/src/sl_device_init_dcdc_s2.o
 .rodata        0x08002c6c       0x28 ./gecko_sdk_4.3.1/platform/service/device_init/src/sl_device_init_hfxo_s2.o
 .rodata        0x08002c94       0x14 ./gecko_sdk_4.3.1/platform/service/device_init/src/sl_device_init_lfxo_s2.o
 .rodata        0x08002ca8        0xc ./gecko_sdk_4.3.1/platform/service/device_init/src/sl_device_init_rffpll_s2.o
 .rodata.sl_udelay_wait.str1.1
                0x08002cb4       0x5c ./gecko_sdk_4.3.1/platform/service/udelay/src/sl_udelay.o
 .rodata._global_impure_ptr
                0x08002d10        0x4 c:/siliconlabs/simplicitystudio/v5/developer/toolchains/gnu_arm/10.3_2021.10/bin/../lib/gcc/arm-none-eabi/10.3.1/../../../../arm-none-eabi/lib/thumb/v8-m.main+fp/hard\libc_nano.a(lib_a-impure.o)
                0x08002d10                _global_impure_ptr
 *(.eh_frame*)
 .eh_frame      0x08002d14        0x0 c:/siliconlabs/simplicitystudio/v5/developer/toolchains/gnu_arm/10.3_2021.10/bin/../lib/gcc/arm-none-eabi/10.3.1/thumb/v8-m.main+fp/hard/crtbegin.o

.glue_7         0x08002d14        0x0
 .glue_7        0x08002d14        0x0 linker stubs

.glue_7t        0x08002d14        0x0
 .glue_7t       0x08002d14        0x0 linker stubs

.vfp11_veneer   0x08002d14        0x0
 .vfp11_veneer  0x08002d14        0x0 linker stubs

.v4_bx          0x08002d14        0x0
 .v4_bx         0x08002d14        0x0 linker stubs

.iplt           0x08002d14        0x0
 .iplt          0x08002d14        0x0 c:/siliconlabs/simplicitystudio/v5/developer/toolchains/gnu_arm/10.3_2021.10/bin/../lib/gcc/arm-none-eabi/10.3.1/thumb/v8-m.main+fp/hard/crtbegin.o

.ARM.extab
 *(.ARM.extab* .gnu.linkonce.armextab.*)
                0x08002d14                __exidx_start = .

.ARM.exidx      0x08002d14        0x8
 *(.ARM.exidx* .gnu.linkonce.armexidx.*)
 .ARM.exidx     0x08002d14        0x8 c:/siliconlabs/simplicitystudio/v5/developer/toolchains/gnu_arm/10.3_2021.10/bin/../lib/gcc/arm-none-eabi/10.3.1/../../../../arm-none-eabi/lib/thumb/v8-m.main+fp/hard/crt0.o
                                 0x10 (size before relaxing)
                0x08002d1c                __exidx_end = .

.rel.dyn        0x08002d1c        0x0
 .rel.iplt      0x08002d1c        0x0 c:/siliconlabs/simplicitystudio/v5/developer/toolchains/gnu_arm/10.3_2021.10/bin/../lib/gcc/arm-none-eabi/10.3.1/thumb/v8-m.main+fp/hard/crtbegin.o

.copy.table     0x08002d1c        0xc
                0x08002d1c                . = ALIGN (0x4)
                0x08002d1c                __copy_table_start__ = .
                0x08002d1c        0x4 LONG 0x8002d28 __etext
                0x08002d20        0x4 LONG 0x20001000 __data_start__
                0x08002d24        0x4 LONG 0x2f ((__data_end__ - __data_start__) / 0x4)
                0x08002d28                __copy_table_end__ = .

.zero.table     0x08002d28        0x0
                0x08002d28                . = ALIGN (0x4)
                0x08002d28                __zero_table_start__ = .
                0x08002d28                __zero_table_end__ = .
                0x08002d28                __etext = .
                0x20000000                . = ORIGIN (RAM)

.stack          0x20000000     0x1000
                0x20000000                __StackLimit = .
 *(.stack*)
 .stack         0x20000000     0x1000 ./gecko_sdk_4.3.1/platform/common/toolchain/src/sl_memory.o
                0x20001000                . = ALIGN (0x4)
                0x20001000                __StackTop = .
                0x20001000                PROVIDE (__stack = __StackTop)

.noinit
 *(.noinit*)

.data           0x20001000       0xbc load address 0x08002d28
                0x20001000                . = ALIGN (0x4)
                0x20001000                __data_start__ = .
 *(vtable)
 *(SORT_BY_ALIGNMENT(.data*))
 .data.SystemCoreClock
                0x20001000        0x4 ./gecko_sdk_4.3.1/platform/Device/SiliconLabs/EFR32FG25/Source/system_efr32fg25.o
                0x20001000                SystemCoreClock
 .data.SystemHFRCODPLLClock
                0x20001004        0x4 ./gecko_sdk_4.3.1/platform/Device/SiliconLabs/EFR32FG25/Source/system_efr32fg25.o
 .data.SystemHFXOClock
                0x20001008        0x4 ./gecko_sdk_4.3.1/platform/Device/SiliconLabs/EFR32FG25/Source/system_efr32fg25.o
 .data.SystemLFXOClock
                0x2000100c        0x4 ./gecko_sdk_4.3.1/platform/Device/SiliconLabs/EFR32FG25/Source/system_efr32fg25.o
 .data.SystemRFFPLLClock
                0x20001010        0x4 ./gecko_sdk_4.3.1/platform/Device/SiliconLabs/EFR32FG25/Source/system_efr32fg25.o
 .data.rffpll_band_config_39MHz
                0x20001014       0x38 ./gecko_sdk_4.3.1/platform/service/device_init/src/sl_device_init_rffpll_s2.o
                0x20001014                rffpll_band_config_39MHz
 .data.impure_data
                0x2000104c       0x60 c:/siliconlabs/simplicitystudio/v5/developer/toolchains/gnu_arm/10.3_2021.10/bin/../lib/gcc/arm-none-eabi/10.3.1/../../../../arm-none-eabi/lib/thumb/v8-m.main+fp/hard\libc_nano.a(lib_a-impure.o)
 .data.hfxo_precision
                0x200010ac        0x2 ./gecko_sdk_4.3.1/platform/emlib/src/em_cmu.o
 .data.lfxo_precision
                0x200010ae        0x2 ./gecko_sdk_4.3.1/platform/emlib/src/em_cmu.o
 .data.ctuneDelta
                0x200010b0        0x1 ./gecko_sdk_4.3.1/platform/emlib/src/em_cmu.o
                0x200010b4                . = ALIGN (0x4)
 *fill*         0x200010b1        0x3 
                [!provide]                PROVIDE (__ram_func_section_start = .)
 *(.ram)
                [!provide]                PROVIDE (__ram_func_section_end = .)
                0x200010b4                . = ALIGN (0x4)
                0x200010b4                PROVIDE (__preinit_array_start = .)
 *(.preinit_array)
                0x200010b4                PROVIDE (__preinit_array_end = .)
                0x200010b4                . = ALIGN (0x4)
                0x200010b4                PROVIDE (__init_array_start = .)
 *(SORT_BY_NAME(.init_array.*))
 *(.init_array)
 .init_array    0x200010b4        0x4 c:/siliconlabs/simplicitystudio/v5/developer/toolchains/gnu_arm/10.3_2021.10/bin/../lib/gcc/arm-none-eabi/10.3.1/thumb/v8-m.main+fp/hard/crtbegin.o
                0x200010b8                PROVIDE (__init_array_end = .)
                0x200010b8                . = ALIGN (0x4)
                [!provide]                PROVIDE (__fini_array_start = .)
 *(SORT_BY_NAME(.fini_array.*))
 *(.fini_array)
 .fini_array    0x200010b8        0x4 c:/siliconlabs/simplicitystudio/v5/developer/toolchains/gnu_arm/10.3_2021.10/bin/../lib/gcc/arm-none-eabi/10.3.1/thumb/v8-m.main+fp/hard/crtbegin.o
                [!provide]                PROVIDE (__fini_array_end = .)
                0x200010bc                . = ALIGN (0x4)
                0x200010bc                __data_end__ = .

.igot.plt       0x200010bc        0x0 load address 0x08002de4
 .igot.plt      0x200010bc        0x0 c:/siliconlabs/simplicitystudio/v5/developer/toolchains/gnu_arm/10.3_2021.10/bin/../lib/gcc/arm-none-eabi/10.3.1/thumb/v8-m.main+fp/hard/crtbegin.o

.bss            0x200010bc       0x7c load address 0x08002de4
                0x200010bc                . = ALIGN (0x4)
                0x200010bc                __bss_start__ = .
 *(SORT_BY_ALIGNMENT(.bss*))
 .bss           0x200010bc       0x1c c:/siliconlabs/simplicitystudio/v5/developer/toolchains/gnu_arm/10.3_2021.10/bin/../lib/gcc/arm-none-eabi/10.3.1/thumb/v8-m.main+fp/hard/crtbegin.o
 .bss.inpos     0x200010d8        0x4 ./app.o
                0x200010d8                inpos
 .bss.buffer    0x200010dc       0x50 ./app.o
                0x200010dc                buffer
 .bss.data_received
                0x2000112c        0x1 ./app.o
                0x2000112c                data_received
 .bss.dali_rx_nb_packets
                0x2000112d        0x5 ./gecko_sdk_4.3.1/platform/emlib/src/em_eusart.o
 .bss.dali_tx_nb_packets
                0x20001132        0x5 ./gecko_sdk_4.3.1/platform/emlib/src/em_eusart.o
 *(COMMON)
                0x20001138                . = ALIGN (0x4)
 *fill*         0x20001137        0x1 
                0x20001138                __bss_end__ = .

.heap           0x20001138      0x800
                0x20001138                __HeapBase = .
                0x20001138                __end__ = .
                0x20001138                end = __end__
                0x20001138                _end = __end__
 *(.heap*)
 .heap          0x20001138      0x800 ./gecko_sdk_4.3.1/platform/common/toolchain/src/sl_memory.o
                0x20080000                __HeapLimit = (ORIGIN (RAM) + LENGTH (RAM))
                0x0007eec8                __heap_size = (__HeapLimit - __HeapBase)
                0x20080000                __ram_end__ = 0x20080000
                0x081de000                __main_flash_end__ = 0x81de000

.internal_storage
                0x08002d28        0x0
 *(.internal_storage*)

.nvm            0x08002d28        0x0
 *(.simee*)
                0x081de000                linker_nvm_end = __main_flash_end__
                0x081de000                linker_nvm_begin = (linker_nvm_end - SIZEOF (.nvm))
                0x00000000                linker_nvm_size = SIZEOF (.nvm)
                0x081de000                linker_storage_end = linker_nvm_begin
                0x081de000                __nvm3Base = linker_nvm_begin
                0x081de000                linker_storage_begin = (linker_storage_end - SIZEOF (.internal_storage))
                0x00000000                linker_storage_size = SIZEOF (.internal_storage)
                0x00000001                ASSERT ((linker_storage_begin >= (__etext + SIZEOF (.data))), FLASH memory overflowed !)
                0x081de000                app_flash_end = 0x81de000
                0x00000001                ASSERT (((linker_nvm_begin + SIZEOF (.nvm)) <= app_flash_end), NVM3 is excessing the flash size !)
OUTPUT(gps_uart_driver.axf elf32-littlearm)
LOAD linker stubs

.ARM.attributes
                0x00000000       0x36
 .ARM.attributes
                0x00000000       0x22 c:/siliconlabs/simplicitystudio/v5/developer/toolchains/gnu_arm/10.3_2021.10/bin/../lib/gcc/arm-none-eabi/10.3.1/thumb/v8-m.main+fp/hard/crti.o
 .ARM.attributes
                0x00000022       0x38 c:/siliconlabs/simplicitystudio/v5/developer/toolchains/gnu_arm/10.3_2021.10/bin/../lib/gcc/arm-none-eabi/10.3.1/thumb/v8-m.main+fp/hard/crtbegin.o
 .ARM.attributes
                0x0000005a       0x20 c:/siliconlabs/simplicitystudio/v5/developer/toolchains/gnu_arm/10.3_2021.10/bin/../lib/gcc/arm-none-eabi/10.3.1/../../../../arm-none-eabi/lib/thumb/v8-m.main+fp/hard/crt0.o
 .ARM.attributes
                0x0000007a       0x3a ./app.o
 .ARM.attributes
                0x000000b4       0x3a ./main.o
 .ARM.attributes
                0x000000ee       0x3a ./autogen/sl_board_default_init.o
 .ARM.attributes
                0x00000128       0x3a ./autogen/sl_device_init_clocks.o
 .ARM.attributes
                0x00000162       0x3a ./autogen/sl_event_handler.o
 .ARM.attributes
                0x0000019c       0x3a ./gecko_sdk_4.3.1/hardware/board/src/sl_board_control_gpio.o
 .ARM.attributes
                0x000001d6       0x3a ./gecko_sdk_4.3.1/hardware/board/src/sl_board_init.o
 .ARM.attributes
                0x00000210       0x3a ./gecko_sdk_4.3.1/hardware/driver/configuration_over_swo/src/sl_cos.o
 .ARM.attributes
                0x0000024a       0x3a ./gecko_sdk_4.3.1/hardware/driver/mx25_flash_shutdown/src/sl_mx25_flash_shutdown_eusart/sl_mx25_flash_shutdown.o
 .ARM.attributes
                0x00000284       0x3a ./gecko_sdk_4.3.1/platform/Device/SiliconLabs/EFR32FG25/Source/startup_efr32fg25.o
 .ARM.attributes
                0x000002be       0x3a ./gecko_sdk_4.3.1/platform/Device/SiliconLabs/EFR32FG25/Source/system_efr32fg25.o
 .ARM.attributes
                0x000002f8       0x3a ./gecko_sdk_4.3.1/platform/common/src/sl_assert.o
 .ARM.attributes
                0x00000332       0x3a ./gecko_sdk_4.3.1/platform/common/toolchain/src/sl_memory.o
 .ARM.attributes
                0x0000036c       0x3a ./gecko_sdk_4.3.1/platform/driver/debug/src/sl_debug_swo.o
 .ARM.attributes
                0x000003a6       0x3a ./gecko_sdk_4.3.1/platform/emlib/src/em_cmu.o
 .ARM.attributes
                0x000003e0       0x3a ./gecko_sdk_4.3.1/platform/emlib/src/em_core.o
 .ARM.attributes
                0x0000041a       0x3a ./gecko_sdk_4.3.1/platform/emlib/src/em_emu.o
 .ARM.attributes
                0x00000454       0x3a ./gecko_sdk_4.3.1/platform/emlib/src/em_eusart.o
 .ARM.attributes
                0x0000048e       0x3a ./gecko_sdk_4.3.1/platform/emlib/src/em_gpio.o
 .ARM.attributes
                0x000004c8       0x3a ./gecko_sdk_4.3.1/platform/service/device_init/src/sl_device_init_dcdc_s2.o
 .ARM.attributes
                0x00000502       0x3a ./gecko_sdk_4.3.1/platform/service/device_init/src/sl_device_init_emu_s2.o
 .ARM.attributes
                0x0000053c       0x3a ./gecko_sdk_4.3.1/platform/service/device_init/src/sl_device_init_hfxo_s2.o
 .ARM.attributes
                0x00000576       0x3a ./gecko_sdk_4.3.1/platform/service/device_init/src/sl_device_init_lfxo_s2.o
 .ARM.attributes
                0x000005b0       0x3a ./gecko_sdk_4.3.1/platform/service/device_init/src/sl_device_init_nvic.o
 .ARM.attributes
                0x000005ea       0x3a ./gecko_sdk_4.3.1/platform/service/device_init/src/sl_device_init_rffpll_s2.o
 .ARM.attributes
                0x00000624       0x3a ./gecko_sdk_4.3.1/platform/service/device_init/src/sl_device_init_usbpll_s2.o
 .ARM.attributes
                0x0000065e       0x3a ./gecko_sdk_4.3.1/platform/service/system/src/sl_system_init.o
 .ARM.attributes
                0x00000698       0x3a ./gecko_sdk_4.3.1/platform/service/system/src/sl_system_process_action.o
 .ARM.attributes
                0x000006d2       0x3a ./gecko_sdk_4.3.1/platform/service/udelay/src/sl_udelay.o
 .ARM.attributes
                0x0000070c       0x26 ./gecko_sdk_4.3.1/platform/service/udelay/src/sl_udelay_armv6m_gcc.o
 .ARM.attributes
                0x00000732       0x38 c:/siliconlabs/simplicitystudio/v5/developer/toolchains/gnu_arm/10.3_2021.10/bin/../lib/gcc/arm-none-eabi/10.3.1/../../../../arm-none-eabi/lib/thumb/v8-m.main+fp/hard\libc_nano.a(lib_a-exit.o)
 .ARM.attributes
                0x0000076a       0x38 c:/siliconlabs/simplicitystudio/v5/developer/toolchains/gnu_arm/10.3_2021.10/bin/../lib/gcc/arm-none-eabi/10.3.1/../../../../arm-none-eabi/lib/thumb/v8-m.main+fp/hard\libc_nano.a(lib_a-impure.o)
 .ARM.attributes
                0x000007a2       0x38 c:/siliconlabs/simplicitystudio/v5/developer/toolchains/gnu_arm/10.3_2021.10/bin/../lib/gcc/arm-none-eabi/10.3.1/../../../../arm-none-eabi/lib/thumb/v8-m.main+fp/hard\libc_nano.a(lib_a-init.o)
 .ARM.attributes
                0x000007da       0x38 c:/siliconlabs/simplicitystudio/v5/developer/toolchains/gnu_arm/10.3_2021.10/bin/../lib/gcc/arm-none-eabi/10.3.1/../../../../arm-none-eabi/lib/thumb/v8-m.main+fp/hard\libc_nano.a(lib_a-memset.o)
 .ARM.attributes
                0x00000812       0x38 c:/siliconlabs/simplicitystudio/v5/developer/toolchains/gnu_arm/10.3_2021.10/bin/../lib/gcc/arm-none-eabi/10.3.1/../../../../arm-none-eabi/lib/thumb/v8-m.main+fp/hard\libnosys.a(_exit.o)
 .ARM.attributes
                0x0000084a       0x22 c:/siliconlabs/simplicitystudio/v5/developer/toolchains/gnu_arm/10.3_2021.10/bin/../lib/gcc/arm-none-eabi/10.3.1/thumb/v8-m.main+fp/hard/crtn.o

.comment        0x00000000       0x49
 .comment       0x00000000       0x49 ./app.o
                                 0x4a (size before relaxing)
 .comment       0x00000049       0x4a ./main.o
 .comment       0x00000049       0x4a ./autogen/sl_board_default_init.o
 .comment       0x00000049       0x4a ./autogen/sl_device_init_clocks.o
 .comment       0x00000049       0x4a ./autogen/sl_event_handler.o
 .comment       0x00000049       0x4a ./gecko_sdk_4.3.1/hardware/board/src/sl_board_control_gpio.o
 .comment       0x00000049       0x4a ./gecko_sdk_4.3.1/hardware/board/src/sl_board_init.o
 .comment       0x00000049       0x4a ./gecko_sdk_4.3.1/hardware/driver/configuration_over_swo/src/sl_cos.o
 .comment       0x00000049       0x4a ./gecko_sdk_4.3.1/hardware/driver/mx25_flash_shutdown/src/sl_mx25_flash_shutdown_eusart/sl_mx25_flash_shutdown.o
 .comment       0x00000049       0x4a ./gecko_sdk_4.3.1/platform/Device/SiliconLabs/EFR32FG25/Source/startup_efr32fg25.o
 .comment       0x00000049       0x4a ./gecko_sdk_4.3.1/platform/Device/SiliconLabs/EFR32FG25/Source/system_efr32fg25.o
 .comment       0x00000049       0x4a ./gecko_sdk_4.3.1/platform/common/src/sl_assert.o
 .comment       0x00000049       0x4a ./gecko_sdk_4.3.1/platform/common/toolchain/src/sl_memory.o
 .comment       0x00000049       0x4a ./gecko_sdk_4.3.1/platform/driver/debug/src/sl_debug_swo.o
 .comment       0x00000049       0x4a ./gecko_sdk_4.3.1/platform/emlib/src/em_cmu.o
 .comment       0x00000049       0x4a ./gecko_sdk_4.3.1/platform/emlib/src/em_core.o
 .comment       0x00000049       0x4a ./gecko_sdk_4.3.1/platform/emlib/src/em_emu.o
 .comment       0x00000049       0x4a ./gecko_sdk_4.3.1/platform/emlib/src/em_eusart.o
 .comment       0x00000049       0x4a ./gecko_sdk_4.3.1/platform/emlib/src/em_gpio.o
 .comment       0x00000049       0x4a ./gecko_sdk_4.3.1/platform/service/device_init/src/sl_device_init_dcdc_s2.o
 .comment       0x00000049       0x4a ./gecko_sdk_4.3.1/platform/service/device_init/src/sl_device_init_emu_s2.o
 .comment       0x00000049       0x4a ./gecko_sdk_4.3.1/platform/service/device_init/src/sl_device_init_hfxo_s2.o
 .comment       0x00000049       0x4a ./gecko_sdk_4.3.1/platform/service/device_init/src/sl_device_init_lfxo_s2.o
 .comment       0x00000049       0x4a ./gecko_sdk_4.3.1/platform/service/device_init/src/sl_device_init_nvic.o
 .comment       0x00000049       0x4a ./gecko_sdk_4.3.1/platform/service/device_init/src/sl_device_init_rffpll_s2.o
 .comment       0x00000049       0x4a ./gecko_sdk_4.3.1/platform/service/device_init/src/sl_device_init_usbpll_s2.o
 .comment       0x00000049       0x4a ./gecko_sdk_4.3.1/platform/service/system/src/sl_system_init.o
 .comment       0x00000049       0x4a ./gecko_sdk_4.3.1/platform/service/system/src/sl_system_process_action.o
 .comment       0x00000049       0x4a ./gecko_sdk_4.3.1/platform/service/udelay/src/sl_udelay.o

.debug_info     0x00000000    0x2a122
 .debug_info    0x00000000     0x2d34 ./app.o
 .debug_info    0x00002d34       0xad ./main.o
 .debug_info    0x00002de1       0xa3 ./autogen/sl_board_default_init.o
 .debug_info    0x00002e84     0x151f ./autogen/sl_device_init_clocks.o
 .debug_info    0x000043a3      0x249 ./autogen/sl_event_handler.o
 .debug_info    0x000045ec      0x501 ./gecko_sdk_4.3.1/hardware/board/src/sl_board_control_gpio.o
 .debug_info    0x00004aed      0x2ff ./gecko_sdk_4.3.1/hardware/board/src/sl_board_init.o
 .debug_info    0x00004dec      0x404 ./gecko_sdk_4.3.1/hardware/driver/configuration_over_swo/src/sl_cos.o
 .debug_info    0x000051f0     0x29e8 ./gecko_sdk_4.3.1/hardware/driver/mx25_flash_shutdown/src/sl_mx25_flash_shutdown_eusart/sl_mx25_flash_shutdown.o
 .debug_info    0x00007bd8      0x327 ./gecko_sdk_4.3.1/platform/Device/SiliconLabs/EFR32FG25/Source/startup_efr32fg25.o
 .debug_info    0x00007eff     0x25ea ./gecko_sdk_4.3.1/platform/Device/SiliconLabs/EFR32FG25/Source/system_efr32fg25.o
 .debug_info    0x0000a4e9       0x86 ./gecko_sdk_4.3.1/platform/common/src/sl_assert.o
 .debug_info    0x0000a56f      0x205 ./gecko_sdk_4.3.1/platform/common/toolchain/src/sl_memory.o
 .debug_info    0x0000a774     0x36ba ./gecko_sdk_4.3.1/platform/driver/debug/src/sl_debug_swo.o
 .debug_info    0x0000de2e     0xae72 ./gecko_sdk_4.3.1/platform/emlib/src/em_cmu.o
 .debug_info    0x00018ca0     0x144a ./gecko_sdk_4.3.1/platform/emlib/src/em_core.o
 .debug_info    0x0001a0ea     0x371c ./gecko_sdk_4.3.1/platform/emlib/src/em_emu.o
 .debug_info    0x0001d806     0x61c9 ./gecko_sdk_4.3.1/platform/emlib/src/em_eusart.o
 .debug_info    0x000239cf     0x29d9 ./gecko_sdk_4.3.1/platform/emlib/src/em_gpio.o
 .debug_info    0x000263a8      0x335 ./gecko_sdk_4.3.1/platform/service/device_init/src/sl_device_init_dcdc_s2.o
 .debug_info    0x000266dd      0xae6 ./gecko_sdk_4.3.1/platform/service/device_init/src/sl_device_init_emu_s2.o
 .debug_info    0x000271c3      0x864 ./gecko_sdk_4.3.1/platform/service/device_init/src/sl_device_init_hfxo_s2.o
 .debug_info    0x00027a27      0x271 ./gecko_sdk_4.3.1/platform/service/device_init/src/sl_device_init_lfxo_s2.o
 .debug_info    0x00027c98      0x89d ./gecko_sdk_4.3.1/platform/service/device_init/src/sl_device_init_nvic.o
 .debug_info    0x00028535     0x1716 ./gecko_sdk_4.3.1/platform/service/device_init/src/sl_device_init_rffpll_s2.o
 .debug_info    0x00029c4b      0x1d4 ./gecko_sdk_4.3.1/platform/service/device_init/src/sl_device_init_usbpll_s2.o
 .debug_info    0x00029e1f       0xba ./gecko_sdk_4.3.1/platform/service/system/src/sl_system_init.o
 .debug_info    0x00029ed9       0xa3 ./gecko_sdk_4.3.1/platform/service/system/src/sl_system_process_action.o
 .debug_info    0x00029f7c      0x180 ./gecko_sdk_4.3.1/platform/service/udelay/src/sl_udelay.o
 .debug_info    0x0002a0fc       0x26 ./gecko_sdk_4.3.1/platform/service/udelay/src/sl_udelay_armv6m_gcc.o

.debug_abbrev   0x00000000     0x32a7
 .debug_abbrev  0x00000000      0x2cd ./app.o
 .debug_abbrev  0x000002cd       0x5e ./main.o
 .debug_abbrev  0x0000032b       0x6a ./autogen/sl_board_default_init.o
 .debug_abbrev  0x00000395       0xf2 ./autogen/sl_device_init_clocks.o
 .debug_abbrev  0x00000487       0xd6 ./autogen/sl_event_handler.o
 .debug_abbrev  0x0000055d      0x15e ./gecko_sdk_4.3.1/hardware/board/src/sl_board_control_gpio.o
 .debug_abbrev  0x000006bb       0xf3 ./gecko_sdk_4.3.1/hardware/board/src/sl_board_init.o
 .debug_abbrev  0x000007ae      0x207 ./gecko_sdk_4.3.1/hardware/driver/configuration_over_swo/src/sl_cos.o
 .debug_abbrev  0x000009b5      0x223 ./gecko_sdk_4.3.1/hardware/driver/mx25_flash_shutdown/src/sl_mx25_flash_shutdown_eusart/sl_mx25_flash_shutdown.o
 .debug_abbrev  0x00000bd8      0x1c9 ./gecko_sdk_4.3.1/platform/Device/SiliconLabs/EFR32FG25/Source/startup_efr32fg25.o
 .debug_abbrev  0x00000da1      0x33a ./gecko_sdk_4.3.1/platform/Device/SiliconLabs/EFR32FG25/Source/system_efr32fg25.o
 .debug_abbrev  0x000010db       0x6c ./gecko_sdk_4.3.1/platform/common/src/sl_assert.o
 .debug_abbrev  0x00001147      0x11e ./gecko_sdk_4.3.1/platform/common/toolchain/src/sl_memory.o
 .debug_abbrev  0x00001265      0x2cb ./gecko_sdk_4.3.1/platform/driver/debug/src/sl_debug_swo.o
 .debug_abbrev  0x00001530      0x539 ./gecko_sdk_4.3.1/platform/emlib/src/em_cmu.o
 .debug_abbrev  0x00001a69      0x329 ./gecko_sdk_4.3.1/platform/emlib/src/em_core.o
 .debug_abbrev  0x00001d92      0x3b3 ./gecko_sdk_4.3.1/platform/emlib/src/em_emu.o
 .debug_abbrev  0x00002145      0x42c ./gecko_sdk_4.3.1/platform/emlib/src/em_eusart.o
 .debug_abbrev  0x00002571      0x314 ./gecko_sdk_4.3.1/platform/emlib/src/em_gpio.o
 .debug_abbrev  0x00002885       0xe0 ./gecko_sdk_4.3.1/platform/service/device_init/src/sl_device_init_dcdc_s2.o
 .debug_abbrev  0x00002965      0x13a ./gecko_sdk_4.3.1/platform/service/device_init/src/sl_device_init_emu_s2.o
 .debug_abbrev  0x00002a9f      0x171 ./gecko_sdk_4.3.1/platform/service/device_init/src/sl_device_init_hfxo_s2.o
 .debug_abbrev  0x00002c10       0xef ./gecko_sdk_4.3.1/platform/service/device_init/src/sl_device_init_lfxo_s2.o
 .debug_abbrev  0x00002cff      0x144 ./gecko_sdk_4.3.1/platform/service/device_init/src/sl_device_init_nvic.o
 .debug_abbrev  0x00002e43      0x17f ./gecko_sdk_4.3.1/platform/service/device_init/src/sl_device_init_rffpll_s2.o
 .debug_abbrev  0x00002fc2      0x122 ./gecko_sdk_4.3.1/platform/service/device_init/src/sl_device_init_usbpll_s2.o
 .debug_abbrev  0x000030e4       0x5f ./gecko_sdk_4.3.1/platform/service/system/src/sl_system_init.o
 .debug_abbrev  0x00003143       0x5f ./gecko_sdk_4.3.1/platform/service/system/src/sl_system_process_action.o
 .debug_abbrev  0x000031a2       0xf1 ./gecko_sdk_4.3.1/platform/service/udelay/src/sl_udelay.o
 .debug_abbrev  0x00003293       0x14 ./gecko_sdk_4.3.1/platform/service/udelay/src/sl_udelay_armv6m_gcc.o

.debug_loc      0x00000000     0x88c8
 .debug_loc     0x00000000      0x1cc ./app.o
 .debug_loc     0x000001cc       0x20 ./main.o
 .debug_loc     0x000001ec       0x20 ./autogen/sl_device_init_clocks.o
 .debug_loc     0x0000020c       0x58 ./autogen/sl_event_handler.o
 .debug_loc     0x00000264      0x28a ./gecko_sdk_4.3.1/hardware/board/src/sl_board_control_gpio.o
 .debug_loc     0x000004ee       0x2c ./gecko_sdk_4.3.1/hardware/board/src/sl_board_init.o
 .debug_loc     0x0000051a      0x291 ./gecko_sdk_4.3.1/hardware/driver/configuration_over_swo/src/sl_cos.o
 .debug_loc     0x000007ab       0x91 ./gecko_sdk_4.3.1/hardware/driver/mx25_flash_shutdown/src/sl_mx25_flash_shutdown_eusart/sl_mx25_flash_shutdown.o
 .debug_loc     0x0000083c       0x8e ./gecko_sdk_4.3.1/platform/Device/SiliconLabs/EFR32FG25/Source/startup_efr32fg25.o
 .debug_loc     0x000008ca      0x20b ./gecko_sdk_4.3.1/platform/Device/SiliconLabs/EFR32FG25/Source/system_efr32fg25.o
 .debug_loc     0x00000ad5       0x2a ./gecko_sdk_4.3.1/platform/common/src/sl_assert.o
 .debug_loc     0x00000aff       0x9c ./gecko_sdk_4.3.1/platform/common/toolchain/src/sl_memory.o
 .debug_loc     0x00000b9b      0x26a ./gecko_sdk_4.3.1/platform/driver/debug/src/sl_debug_swo.o
 .debug_loc     0x00000e05     0x47bf ./gecko_sdk_4.3.1/platform/emlib/src/em_cmu.o
 .debug_loc     0x000055c4      0x959 ./gecko_sdk_4.3.1/platform/emlib/src/em_core.o
 .debug_loc     0x00005f1d      0x6dc ./gecko_sdk_4.3.1/platform/emlib/src/em_emu.o
 .debug_loc     0x000065f9     0x1341 ./gecko_sdk_4.3.1/platform/emlib/src/em_eusart.o
 .debug_loc     0x0000793a      0xb55 ./gecko_sdk_4.3.1/platform/emlib/src/em_gpio.o
 .debug_loc     0x0000848f       0x2c ./gecko_sdk_4.3.1/platform/service/device_init/src/sl_device_init_dcdc_s2.o
 .debug_loc     0x000084bb       0x2c ./gecko_sdk_4.3.1/platform/service/device_init/src/sl_device_init_emu_s2.o
 .debug_loc     0x000084e7       0xba ./gecko_sdk_4.3.1/platform/service/device_init/src/sl_device_init_hfxo_s2.o
 .debug_loc     0x000085a1       0x38 ./gecko_sdk_4.3.1/platform/service/device_init/src/sl_device_init_lfxo_s2.o
 .debug_loc     0x000085d9       0x6f ./gecko_sdk_4.3.1/platform/service/device_init/src/sl_device_init_nvic.o
 .debug_loc     0x00008648       0x2c ./gecko_sdk_4.3.1/platform/service/device_init/src/sl_device_init_rffpll_s2.o
 .debug_loc     0x00008674       0x67 ./gecko_sdk_4.3.1/platform/service/device_init/src/sl_device_init_usbpll_s2.o
 .debug_loc     0x000086db       0x2c ./gecko_sdk_4.3.1/platform/service/system/src/sl_system_init.o
 .debug_loc     0x00008707       0x2c ./gecko_sdk_4.3.1/platform/service/system/src/sl_system_process_action.o
 .debug_loc     0x00008733      0x195 ./gecko_sdk_4.3.1/platform/service/udelay/src/sl_udelay.o

.debug_aranges  0x00000000      0x978
 .debug_aranges
                0x00000000       0x48 ./app.o
 .debug_aranges
                0x00000048       0x20 ./main.o
 .debug_aranges
                0x00000068       0x20 ./autogen/sl_board_default_init.o
 .debug_aranges
                0x00000088       0x20 ./autogen/sl_device_init_clocks.o
 .debug_aranges
                0x000000a8       0x38 ./autogen/sl_event_handler.o
 .debug_aranges
                0x000000e0       0x70 ./gecko_sdk_4.3.1/hardware/board/src/sl_board_control_gpio.o
 .debug_aranges
                0x00000150       0x28 ./gecko_sdk_4.3.1/hardware/board/src/sl_board_init.o
 .debug_aranges
                0x00000178       0x38 ./gecko_sdk_4.3.1/hardware/driver/configuration_over_swo/src/sl_cos.o
 .debug_aranges
                0x000001b0       0x30 ./gecko_sdk_4.3.1/hardware/driver/mx25_flash_shutdown/src/sl_mx25_flash_shutdown_eusart/sl_mx25_flash_shutdown.o
 .debug_aranges
                0x000001e0       0x28 ./gecko_sdk_4.3.1/platform/Device/SiliconLabs/EFR32FG25/Source/startup_efr32fg25.o
 .debug_aranges
                0x00000208       0xa0 ./gecko_sdk_4.3.1/platform/Device/SiliconLabs/EFR32FG25/Source/system_efr32fg25.o
 .debug_aranges
                0x000002a8       0x20 ./gecko_sdk_4.3.1/platform/common/src/sl_assert.o
 .debug_aranges
                0x000002c8       0x30 ./gecko_sdk_4.3.1/platform/common/toolchain/src/sl_memory.o
 .debug_aranges
                0x000002f8       0x48 ./gecko_sdk_4.3.1/platform/driver/debug/src/sl_debug_swo.o
 .debug_aranges
                0x00000340      0x200 ./gecko_sdk_4.3.1/platform/emlib/src/em_cmu.o
 .debug_aranges
                0x00000540       0xe8 ./gecko_sdk_4.3.1/platform/emlib/src/em_core.o
 .debug_aranges
                0x00000628       0xb8 ./gecko_sdk_4.3.1/platform/emlib/src/em_emu.o
 .debug_aranges
                0x000006e0       0xd0 ./gecko_sdk_4.3.1/platform/emlib/src/em_eusart.o
 .debug_aranges
                0x000007b0       0x68 ./gecko_sdk_4.3.1/platform/emlib/src/em_gpio.o
 .debug_aranges
                0x00000818       0x20 ./gecko_sdk_4.3.1/platform/service/device_init/src/sl_device_init_dcdc_s2.o
 .debug_aranges
                0x00000838       0x20 ./gecko_sdk_4.3.1/platform/service/device_init/src/sl_device_init_emu_s2.o
 .debug_aranges
                0x00000858       0x20 ./gecko_sdk_4.3.1/platform/service/device_init/src/sl_device_init_hfxo_s2.o
 .debug_aranges
                0x00000878       0x20 ./gecko_sdk_4.3.1/platform/service/device_init/src/sl_device_init_lfxo_s2.o
 .debug_aranges
                0x00000898       0x20 ./gecko_sdk_4.3.1/platform/service/device_init/src/sl_device_init_nvic.o
 .debug_aranges
                0x000008b8       0x20 ./gecko_sdk_4.3.1/platform/service/device_init/src/sl_device_init_rffpll_s2.o
 .debug_aranges
                0x000008d8       0x20 ./gecko_sdk_4.3.1/platform/service/device_init/src/sl_device_init_usbpll_s2.o
 .debug_aranges
                0x000008f8       0x20 ./gecko_sdk_4.3.1/platform/service/system/src/sl_system_init.o
 .debug_aranges
                0x00000918       0x20 ./gecko_sdk_4.3.1/platform/service/system/src/sl_system_process_action.o
 .debug_aranges
                0x00000938       0x20 ./gecko_sdk_4.3.1/platform/service/udelay/src/sl_udelay.o
 .debug_aranges
                0x00000958       0x20 ./gecko_sdk_4.3.1/platform/service/udelay/src/sl_udelay_armv6m_gcc.o

.debug_ranges   0x00000000      0xcf8
 .debug_ranges  0x00000000       0x98 ./app.o
 .debug_ranges  0x00000098       0x10 ./main.o
 .debug_ranges  0x000000a8       0x10 ./autogen/sl_board_default_init.o
 .debug_ranges  0x000000b8       0x10 ./autogen/sl_device_init_clocks.o
 .debug_ranges  0x000000c8       0x28 ./autogen/sl_event_handler.o
 .debug_ranges  0x000000f0       0x60 ./gecko_sdk_4.3.1/hardware/board/src/sl_board_control_gpio.o
 .debug_ranges  0x00000150       0x18 ./gecko_sdk_4.3.1/hardware/board/src/sl_board_init.o
 .debug_ranges  0x00000168       0x40 ./gecko_sdk_4.3.1/hardware/driver/configuration_over_swo/src/sl_cos.o
 .debug_ranges  0x000001a8       0x20 ./gecko_sdk_4.3.1/hardware/driver/mx25_flash_shutdown/src/sl_mx25_flash_shutdown_eusart/sl_mx25_flash_shutdown.o
 .debug_ranges  0x000001c8       0x80 ./gecko_sdk_4.3.1/platform/Device/SiliconLabs/EFR32FG25/Source/startup_efr32fg25.o
 .debug_ranges  0x00000248       0xa8 ./gecko_sdk_4.3.1/platform/Device/SiliconLabs/EFR32FG25/Source/system_efr32fg25.o
 .debug_ranges  0x000002f0       0x10 ./gecko_sdk_4.3.1/platform/common/src/sl_assert.o
 .debug_ranges  0x00000300       0x20 ./gecko_sdk_4.3.1/platform/common/toolchain/src/sl_memory.o
 .debug_ranges  0x00000320       0x68 ./gecko_sdk_4.3.1/platform/driver/debug/src/sl_debug_swo.o
 .debug_ranges  0x00000388      0x360 ./gecko_sdk_4.3.1/platform/emlib/src/em_cmu.o
 .debug_ranges  0x000006e8      0x1a0 ./gecko_sdk_4.3.1/platform/emlib/src/em_core.o
 .debug_ranges  0x00000888      0x1a8 ./gecko_sdk_4.3.1/platform/emlib/src/em_emu.o
 .debug_ranges  0x00000a30      0x168 ./gecko_sdk_4.3.1/platform/emlib/src/em_eusart.o
 .debug_ranges  0x00000b98       0x70 ./gecko_sdk_4.3.1/platform/emlib/src/em_gpio.o
 .debug_ranges  0x00000c08       0x10 ./gecko_sdk_4.3.1/platform/service/device_init/src/sl_device_init_dcdc_s2.o
 .debug_ranges  0x00000c18       0x10 ./gecko_sdk_4.3.1/platform/service/device_init/src/sl_device_init_emu_s2.o
 .debug_ranges  0x00000c28       0x10 ./gecko_sdk_4.3.1/platform/service/device_init/src/sl_device_init_hfxo_s2.o
 .debug_ranges  0x00000c38       0x10 ./gecko_sdk_4.3.1/platform/service/device_init/src/sl_device_init_lfxo_s2.o
 .debug_ranges  0x00000c48       0x48 ./gecko_sdk_4.3.1/platform/service/device_init/src/sl_device_init_nvic.o
 .debug_ranges  0x00000c90       0x10 ./gecko_sdk_4.3.1/platform/service/device_init/src/sl_device_init_rffpll_s2.o
 .debug_ranges  0x00000ca0       0x10 ./gecko_sdk_4.3.1/platform/service/device_init/src/sl_device_init_usbpll_s2.o
 .debug_ranges  0x00000cb0       0x10 ./gecko_sdk_4.3.1/platform/service/system/src/sl_system_init.o
 .debug_ranges  0x00000cc0       0x10 ./gecko_sdk_4.3.1/platform/service/system/src/sl_system_process_action.o
 .debug_ranges  0x00000cd0       0x28 ./gecko_sdk_4.3.1/platform/service/udelay/src/sl_udelay.o

.debug_line     0x00000000     0xaff0
 .debug_line    0x00000000      0x4af ./app.o
 .debug_line    0x000004af       0xe7 ./main.o
 .debug_line    0x00000596       0xb4 ./autogen/sl_board_default_init.o
 .debug_line    0x0000064a      0x2ae ./autogen/sl_device_init_clocks.o
 .debug_line    0x000008f8      0x365 ./autogen/sl_event_handler.o
 .debug_line    0x00000c5d      0x45f ./gecko_sdk_4.3.1/hardware/board/src/sl_board_control_gpio.o
 .debug_line    0x000010bc      0x194 ./gecko_sdk_4.3.1/hardware/board/src/sl_board_init.o
 .debug_line    0x00001250      0x479 ./gecko_sdk_4.3.1/hardware/driver/configuration_over_swo/src/sl_cos.o
 .debug_line    0x000016c9      0x436 ./gecko_sdk_4.3.1/hardware/driver/mx25_flash_shutdown/src/sl_mx25_flash_shutdown_eusart/sl_mx25_flash_shutdown.o
 .debug_line    0x00001aff      0x312 ./gecko_sdk_4.3.1/platform/Device/SiliconLabs/EFR32FG25/Source/startup_efr32fg25.o
 .debug_line    0x00001e11      0x644 ./gecko_sdk_4.3.1/platform/Device/SiliconLabs/EFR32FG25/Source/system_efr32fg25.o
 .debug_line    0x00002455       0xa6 ./gecko_sdk_4.3.1/platform/common/src/sl_assert.o
 .debug_line    0x000024fb      0x2df ./gecko_sdk_4.3.1/platform/common/toolchain/src/sl_memory.o
 .debug_line    0x000027da      0x6bd ./gecko_sdk_4.3.1/platform/driver/debug/src/sl_debug_swo.o
 .debug_line    0x00002e97     0x31fd ./gecko_sdk_4.3.1/platform/emlib/src/em_cmu.o
 .debug_line    0x00006094      0xa95 ./gecko_sdk_4.3.1/platform/emlib/src/em_core.o
 .debug_line    0x00006b29      0xbe8 ./gecko_sdk_4.3.1/platform/emlib/src/em_emu.o
 .debug_line    0x00007711     0x17ca ./gecko_sdk_4.3.1/platform/emlib/src/em_eusart.o
 .debug_line    0x00008edb      0x75e ./gecko_sdk_4.3.1/platform/emlib/src/em_gpio.o
 .debug_line    0x00009639      0x254 ./gecko_sdk_4.3.1/platform/service/device_init/src/sl_device_init_dcdc_s2.o
 .debug_line    0x0000988d      0x2da ./gecko_sdk_4.3.1/platform/service/device_init/src/sl_device_init_emu_s2.o
 .debug_line    0x00009b67      0x338 ./gecko_sdk_4.3.1/platform/service/device_init/src/sl_device_init_hfxo_s2.o
 .debug_line    0x00009e9f      0x258 ./gecko_sdk_4.3.1/platform/service/device_init/src/sl_device_init_lfxo_s2.o
 .debug_line    0x0000a0f7      0x330 ./gecko_sdk_4.3.1/platform/service/device_init/src/sl_device_init_nvic.o
 .debug_line    0x0000a427      0x336 ./gecko_sdk_4.3.1/platform/service/device_init/src/sl_device_init_rffpll_s2.o
 .debug_line    0x0000a75d      0x326 ./gecko_sdk_4.3.1/platform/service/device_init/src/sl_device_init_usbpll_s2.o
 .debug_line    0x0000aa83       0xfb ./gecko_sdk_4.3.1/platform/service/system/src/sl_system_init.o
 .debug_line    0x0000ab7e      0x104 ./gecko_sdk_4.3.1/platform/service/system/src/sl_system_process_action.o
 .debug_line    0x0000ac82      0x2d5 ./gecko_sdk_4.3.1/platform/service/udelay/src/sl_udelay.o
 .debug_line    0x0000af57       0x99 ./gecko_sdk_4.3.1/platform/service/udelay/src/sl_udelay_armv6m_gcc.o

.debug_str      0x00000000     0xbc1a
 .debug_str     0x00000000     0x25f3 ./app.o
                               0x27f7 (size before relaxing)
 .debug_str     0x000025f3       0x37 ./main.o
                                0x198 (size before relaxing)
 .debug_str     0x0000262a       0x4f ./autogen/sl_board_default_init.o
                                0x218 (size before relaxing)
 .debug_str     0x00002679      0x9f1 ./autogen/sl_device_init_clocks.o
                                0xec8 (size before relaxing)
 .debug_str     0x0000306a      0x1d2 ./autogen/sl_event_handler.o
                                0x3b1 (size before relaxing)
 .debug_str     0x0000323c      0x2a7 ./gecko_sdk_4.3.1/hardware/board/src/sl_board_control_gpio.o
                                0x6bc (size before relaxing)
 .debug_str     0x000034e3       0x6e ./gecko_sdk_4.3.1/hardware/board/src/sl_board_init.o
                                0x753 (size before relaxing)
 .debug_str     0x00003551      0x1ef ./gecko_sdk_4.3.1/hardware/driver/configuration_over_swo/src/sl_cos.o
                                0x41d (size before relaxing)
 .debug_str     0x00003740      0x692 ./gecko_sdk_4.3.1/hardware/driver/mx25_flash_shutdown/src/sl_mx25_flash_shutdown_eusart/sl_mx25_flash_shutdown.o
                               0x25d3 (size before relaxing)
 .debug_str     0x00003dd2      0x16a ./gecko_sdk_4.3.1/platform/Device/SiliconLabs/EFR32FG25/Source/startup_efr32fg25.o
                                0x34e (size before relaxing)
 .debug_str     0x00003f3c      0x676 ./gecko_sdk_4.3.1/platform/Device/SiliconLabs/EFR32FG25/Source/system_efr32fg25.o
                               0x1950 (size before relaxing)
 .debug_str     0x000045b2       0x5e ./gecko_sdk_4.3.1/platform/common/src/sl_assert.o
                                0x1b2 (size before relaxing)
 .debug_str     0x00004610       0xfd ./gecko_sdk_4.3.1/platform/common/toolchain/src/sl_memory.o
                                0x2ec (size before relaxing)
 .debug_str     0x0000470d      0x357 ./gecko_sdk_4.3.1/platform/driver/debug/src/sl_debug_swo.o
                               0x25c0 (size before relaxing)
 .debug_str     0x00004a64     0x49d2 ./gecko_sdk_4.3.1/platform/emlib/src/em_cmu.o
                               0x6ffb (size before relaxing)
 .debug_str     0x00009436      0x346 ./gecko_sdk_4.3.1/platform/emlib/src/em_core.o
                                0xc0c (size before relaxing)
 .debug_str     0x0000977c      0xdd7 ./gecko_sdk_4.3.1/platform/emlib/src/em_emu.o
                               0x216d (size before relaxing)
 .debug_str     0x0000a553      0xa17 ./gecko_sdk_4.3.1/platform/emlib/src/em_eusart.o
                               0x5fd2 (size before relaxing)
 .debug_str     0x0000af6a      0x122 ./gecko_sdk_4.3.1/platform/emlib/src/em_gpio.o
                               0x19ac (size before relaxing)
 .debug_str     0x0000b08c       0x6e ./gecko_sdk_4.3.1/platform/service/device_init/src/sl_device_init_dcdc_s2.o
                                0x8fa (size before relaxing)
 .debug_str     0x0000b0fa       0x76 ./gecko_sdk_4.3.1/platform/service/device_init/src/sl_device_init_emu_s2.o
                                0x950 (size before relaxing)
 .debug_str     0x0000b170      0x524 ./gecko_sdk_4.3.1/platform/service/device_init/src/sl_device_init_hfxo_s2.o
                                0xc04 (size before relaxing)
 .debug_str     0x0000b694      0x1e3 ./gecko_sdk_4.3.1/platform/service/device_init/src/sl_device_init_lfxo_s2.o
                                0x4d2 (size before relaxing)
 .debug_str     0x0000b877       0x87 ./gecko_sdk_4.3.1/platform/service/device_init/src/sl_device_init_nvic.o
                                0x907 (size before relaxing)
 .debug_str     0x0000b8fe       0xd2 ./gecko_sdk_4.3.1/platform/service/device_init/src/sl_device_init_rffpll_s2.o
                               0x11d9 (size before relaxing)
 .debug_str     0x0000b9d0       0x85 ./gecko_sdk_4.3.1/platform/service/device_init/src/sl_device_init_usbpll_s2.o
                                0x384 (size before relaxing)
 .debug_str     0x0000ba55       0x61 ./gecko_sdk_4.3.1/platform/service/system/src/sl_system_init.o
                                0x208 (size before relaxing)
 .debug_str     0x0000bab6       0x6b ./gecko_sdk_4.3.1/platform/service/system/src/sl_system_process_action.o
                                0x235 (size before relaxing)
 .debug_str     0x0000bb21       0x84 ./gecko_sdk_4.3.1/platform/service/udelay/src/sl_udelay.o
                                0x2a2 (size before relaxing)
 .debug_str     0x0000bba5       0x75 ./gecko_sdk_4.3.1/platform/service/udelay/src/sl_udelay_armv6m_gcc.o
                                 0xca (size before relaxing)

.debug_frame    0x00000000     0x181c
 .debug_frame   0x00000000       0xa4 ./app.o
 .debug_frame   0x000000a4       0x28 ./main.o
 .debug_frame   0x000000cc       0x20 ./autogen/sl_board_default_init.o
 .debug_frame   0x000000ec       0x28 ./autogen/sl_device_init_clocks.o
 .debug_frame   0x00000114       0xb8 ./autogen/sl_event_handler.o
 .debug_frame   0x000001cc      0x110 ./gecko_sdk_4.3.1/hardware/board/src/sl_board_control_gpio.o
 .debug_frame   0x000002dc       0x3c ./gecko_sdk_4.3.1/hardware/board/src/sl_board_init.o
 .debug_frame   0x00000318       0x78 ./gecko_sdk_4.3.1/hardware/driver/configuration_over_swo/src/sl_cos.o
 .debug_frame   0x00000390       0x54 ./gecko_sdk_4.3.1/hardware/driver/mx25_flash_shutdown/src/sl_mx25_flash_shutdown_eusart/sl_mx25_flash_shutdown.o
 .debug_frame   0x000003e4       0x38 ./gecko_sdk_4.3.1/platform/Device/SiliconLabs/EFR32FG25/Source/startup_efr32fg25.o
 .debug_frame   0x0000041c      0x130 ./gecko_sdk_4.3.1/platform/Device/SiliconLabs/EFR32FG25/Source/system_efr32fg25.o
 .debug_frame   0x0000054c       0x20 ./gecko_sdk_4.3.1/platform/common/src/sl_assert.o
 .debug_frame   0x0000056c       0x40 ./gecko_sdk_4.3.1/platform/common/toolchain/src/sl_memory.o
 .debug_frame   0x000005ac       0x9c ./gecko_sdk_4.3.1/platform/driver/debug/src/sl_debug_swo.o
 .debug_frame   0x00000648      0x688 ./gecko_sdk_4.3.1/platform/emlib/src/em_cmu.o
 .debug_frame   0x00000cd0      0x254 ./gecko_sdk_4.3.1/platform/emlib/src/em_core.o
 .debug_frame   0x00000f24      0x270 ./gecko_sdk_4.3.1/platform/emlib/src/em_emu.o
 .debug_frame   0x00001194      0x2c0 ./gecko_sdk_4.3.1/platform/emlib/src/em_eusart.o
 .debug_frame   0x00001454      0x16c ./gecko_sdk_4.3.1/platform/emlib/src/em_gpio.o
 .debug_frame   0x000015c0       0x28 ./gecko_sdk_4.3.1/platform/service/device_init/src/sl_device_init_dcdc_s2.o
 .debug_frame   0x000015e8       0x2c ./gecko_sdk_4.3.1/platform/service/device_init/src/sl_device_init_emu_s2.o
 .debug_frame   0x00001614       0x34 ./gecko_sdk_4.3.1/platform/service/device_init/src/sl_device_init_hfxo_s2.o
 .debug_frame   0x00001648       0x30 ./gecko_sdk_4.3.1/platform/service/device_init/src/sl_device_init_lfxo_s2.o
 .debug_frame   0x00001678       0x28 ./gecko_sdk_4.3.1/platform/service/device_init/src/sl_device_init_nvic.o
 .debug_frame   0x000016a0       0x28 ./gecko_sdk_4.3.1/platform/service/device_init/src/sl_device_init_rffpll_s2.o
 .debug_frame   0x000016c8       0x30 ./gecko_sdk_4.3.1/platform/service/device_init/src/sl_device_init_usbpll_s2.o
 .debug_frame   0x000016f8       0x2c ./gecko_sdk_4.3.1/platform/service/system/src/sl_system_init.o
 .debug_frame   0x00001724       0x2c ./gecko_sdk_4.3.1/platform/service/system/src/sl_system_process_action.o
 .debug_frame   0x00001750       0x38 ./gecko_sdk_4.3.1/platform/service/udelay/src/sl_udelay.o
 .debug_frame   0x00001788       0x28 c:/siliconlabs/simplicitystudio/v5/developer/toolchains/gnu_arm/10.3_2021.10/bin/../lib/gcc/arm-none-eabi/10.3.1/../../../../arm-none-eabi/lib/thumb/v8-m.main+fp/hard\libc_nano.a(lib_a-exit.o)
 .debug_frame   0x000017b0       0x2c c:/siliconlabs/simplicitystudio/v5/developer/toolchains/gnu_arm/10.3_2021.10/bin/../lib/gcc/arm-none-eabi/10.3.1/../../../../arm-none-eabi/lib/thumb/v8-m.main+fp/hard\libc_nano.a(lib_a-init.o)
 .debug_frame   0x000017dc       0x20 c:/siliconlabs/simplicitystudio/v5/developer/toolchains/gnu_arm/10.3_2021.10/bin/../lib/gcc/arm-none-eabi/10.3.1/../../../../arm-none-eabi/lib/thumb/v8-m.main+fp/hard\libc_nano.a(lib_a-memset.o)
 .debug_frame   0x000017fc       0x20 c:/siliconlabs/simplicitystudio/v5/developer/toolchains/gnu_arm/10.3_2021.10/bin/../lib/gcc/arm-none-eabi/10.3.1/../../../../arm-none-eabi/lib/thumb/v8-m.main+fp/hard\libnosys.a(_exit.o)
